Archive member included to satisfy reference by file (symbol)

c:/users/hikaru/mentorgraphics/sourcery_codebench_lite_for_arm_eabi/bin/../lib/gcc/arm-none-eabi/4.8.3/../../../../arm-none-eabi/lib/thumb2\libc.a(lib_a-memset.o)
                              ..\obj\stm32_ub_sdcard.o (memset)
c:/users/hikaru/mentorgraphics/sourcery_codebench_lite_for_arm_eabi/bin/../lib/gcc/arm-none-eabi/4.8.3/../../../../arm-none-eabi/lib/thumb2\libc.a(lib_a-sprintf.o)
                              ..\obj\main.o (sprintf)
c:/users/hikaru/mentorgraphics/sourcery_codebench_lite_for_arm_eabi/bin/../lib/gcc/arm-none-eabi/4.8.3/../../../../arm-none-eabi/lib/thumb2\libc.a(lib_a-svfprintf.o)
                              c:/users/hikaru/mentorgraphics/sourcery_codebench_lite_for_arm_eabi/bin/../lib/gcc/arm-none-eabi/4.8.3/../../../../arm-none-eabi/lib/thumb2\libc.a(lib_a-sprintf.o) (_svfprintf_r)
c:/users/hikaru/mentorgraphics/sourcery_codebench_lite_for_arm_eabi/bin/../lib/gcc/arm-none-eabi/4.8.3/../../../../arm-none-eabi/lib/thumb2\libc.a(lib_a-dtoa.o)
                              c:/users/hikaru/mentorgraphics/sourcery_codebench_lite_for_arm_eabi/bin/../lib/gcc/arm-none-eabi/4.8.3/../../../../arm-none-eabi/lib/thumb2\libc.a(lib_a-svfprintf.o) (_dtoa_r)
c:/users/hikaru/mentorgraphics/sourcery_codebench_lite_for_arm_eabi/bin/../lib/gcc/arm-none-eabi/4.8.3/../../../../arm-none-eabi/lib/thumb2\libc.a(lib_a-impure.o)
                              c:/users/hikaru/mentorgraphics/sourcery_codebench_lite_for_arm_eabi/bin/../lib/gcc/arm-none-eabi/4.8.3/../../../../arm-none-eabi/lib/thumb2\libc.a(lib_a-sprintf.o) (_impure_ptr)
c:/users/hikaru/mentorgraphics/sourcery_codebench_lite_for_arm_eabi/bin/../lib/gcc/arm-none-eabi/4.8.3/../../../../arm-none-eabi/lib/thumb2\libc.a(lib_a-locale.o)
                              c:/users/hikaru/mentorgraphics/sourcery_codebench_lite_for_arm_eabi/bin/../lib/gcc/arm-none-eabi/4.8.3/../../../../arm-none-eabi/lib/thumb2\libc.a(lib_a-svfprintf.o) (_localeconv_r)
c:/users/hikaru/mentorgraphics/sourcery_codebench_lite_for_arm_eabi/bin/../lib/gcc/arm-none-eabi/4.8.3/../../../../arm-none-eabi/lib/thumb2\libc.a(lib_a-malloc.o)
                              c:/users/hikaru/mentorgraphics/sourcery_codebench_lite_for_arm_eabi/bin/../lib/gcc/arm-none-eabi/4.8.3/../../../../arm-none-eabi/lib/thumb2\libc.a(lib_a-dtoa.o) (malloc)
c:/users/hikaru/mentorgraphics/sourcery_codebench_lite_for_arm_eabi/bin/../lib/gcc/arm-none-eabi/4.8.3/../../../../arm-none-eabi/lib/thumb2\libc.a(lib_a-mallocr.o)
                              c:/users/hikaru/mentorgraphics/sourcery_codebench_lite_for_arm_eabi/bin/../lib/gcc/arm-none-eabi/4.8.3/../../../../arm-none-eabi/lib/thumb2\libc.a(lib_a-svfprintf.o) (_malloc_r)
c:/users/hikaru/mentorgraphics/sourcery_codebench_lite_for_arm_eabi/bin/../lib/gcc/arm-none-eabi/4.8.3/../../../../arm-none-eabi/lib/thumb2\libc.a(lib_a-memchr-stub.o)
                              c:/users/hikaru/mentorgraphics/sourcery_codebench_lite_for_arm_eabi/bin/../lib/gcc/arm-none-eabi/4.8.3/../../../../arm-none-eabi/lib/thumb2\libc.a(lib_a-svfprintf.o) (memchr)
c:/users/hikaru/mentorgraphics/sourcery_codebench_lite_for_arm_eabi/bin/../lib/gcc/arm-none-eabi/4.8.3/../../../../arm-none-eabi/lib/thumb2\libc.a(lib_a-memcpy-stub.o)
                              c:/users/hikaru/mentorgraphics/sourcery_codebench_lite_for_arm_eabi/bin/../lib/gcc/arm-none-eabi/4.8.3/../../../../arm-none-eabi/lib/thumb2\libc.a(lib_a-dtoa.o) (memcpy)
c:/users/hikaru/mentorgraphics/sourcery_codebench_lite_for_arm_eabi/bin/../lib/gcc/arm-none-eabi/4.8.3/../../../../arm-none-eabi/lib/thumb2\libc.a(lib_a-mlock.o)
                              c:/users/hikaru/mentorgraphics/sourcery_codebench_lite_for_arm_eabi/bin/../lib/gcc/arm-none-eabi/4.8.3/../../../../arm-none-eabi/lib/thumb2\libc.a(lib_a-mallocr.o) (__malloc_lock)
c:/users/hikaru/mentorgraphics/sourcery_codebench_lite_for_arm_eabi/bin/../lib/gcc/arm-none-eabi/4.8.3/../../../../arm-none-eabi/lib/thumb2\libc.a(lib_a-mprec.o)
                              c:/users/hikaru/mentorgraphics/sourcery_codebench_lite_for_arm_eabi/bin/../lib/gcc/arm-none-eabi/4.8.3/../../../../arm-none-eabi/lib/thumb2\libc.a(lib_a-dtoa.o) (_Balloc)
c:/users/hikaru/mentorgraphics/sourcery_codebench_lite_for_arm_eabi/bin/../lib/gcc/arm-none-eabi/4.8.3/../../../../arm-none-eabi/lib/thumb2\libc.a(lib_a-s_fpclassify.o)
                              c:/users/hikaru/mentorgraphics/sourcery_codebench_lite_for_arm_eabi/bin/../lib/gcc/arm-none-eabi/4.8.3/../../../../arm-none-eabi/lib/thumb2\libc.a(lib_a-svfprintf.o) (__fpclassifyd)
c:/users/hikaru/mentorgraphics/sourcery_codebench_lite_for_arm_eabi/bin/../lib/gcc/arm-none-eabi/4.8.3/../../../../arm-none-eabi/lib/thumb2\libc.a(lib_a-sbrkr.o)
                              c:/users/hikaru/mentorgraphics/sourcery_codebench_lite_for_arm_eabi/bin/../lib/gcc/arm-none-eabi/4.8.3/../../../../arm-none-eabi/lib/thumb2\libc.a(lib_a-mallocr.o) (_sbrk_r)
[...]
Memory Configuration

Name             Origin             Length             Attributes
rom              0x08000000         0x00100000         xr
ram              0x20000000         0x00020000         xrw
ram1             0x10000000         0x00010000         xrw
*default*        0x00000000         0xffffffff

Linker script and memory map

                0x20020000                _eram = 0x20020000

.text           0x08000000     0xc040
 *(.isr_vector)
 .isr_vector    0x08000000      0x188 ..\obj\startup_stm32f4xx.o
                0x08000000                g_pfnVectors
 *(.text*)
 .text.USB_OTG_EnableCommonInt
                0x08000188       0x44 ..\obj\usb_core.o
 .text.USB_OTG_CoreReset
                0x080001cc       0x94 ..\obj\usb_core.o
 .text.USB_OTG_WritePacket
                0x08000260       0x70 ..\obj\usb_core.o
                0x08000260                USB_OTG_WritePacket
 .text.USB_OTG_ReadPacket
                0x080002d0       0x5c ..\obj\usb_core.o
                0x080002d0                USB_OTG_ReadPacket
 .text.USB_OTG_SelectCore
                0x0800032c      0x174 ..\obj\usb_core.o
                0x0800032c                USB_OTG_SelectCore
 .text.USB_OTG_CoreInit
                0x080004a0      0x1dc ..\obj\usb_core.o
                0x080004a0                USB_OTG_CoreInit
 .text.USB_OTG_EnableGlobalInt
                0x0800067c       0x38 ..\obj\usb_core.o
                0x0800067c                USB_OTG_EnableGlobalInt
 .text.USB_OTG_DisableGlobalInt
                0x080006b4       0x38 ..\obj\usb_core.o
                0x080006b4                USB_OTG_DisableGlobalInt
 .text.USB_OTG_FlushTxFifo
                0x080006ec       0x74 ..\obj\usb_core.o
                0x080006ec                USB_OTG_FlushTxFifo
 .text.USB_OTG_FlushRxFifo
                0x08000760       0x60 ..\obj\usb_core.o
                0x08000760                USB_OTG_FlushRxFifo
 .text.USB_OTG_SetCurrentMode
                0x080007c0       0x60 ..\obj\usb_core.o
                0x080007c0                USB_OTG_SetCurrentMode
 .text.USB_OTG_GetMode
                0x08000820       0x20 ..\obj\usb_core.o
                0x08000820                USB_OTG_GetMode
 .text.USB_OTG_IsDeviceMode
                0x08000840       0x24 ..\obj\usb_core.o
                0x08000840                USB_OTG_IsDeviceMode
 .text.USB_OTG_ReadCoreItr
                0x08000864       0x30 ..\obj\usb_core.o
                0x08000864                USB_OTG_ReadCoreItr
 .text.USB_OTG_InitDevSpeed
                0x08000894       0x38 ..\obj\usb_core.o
                0x08000894                USB_OTG_InitDevSpeed
 .text.USB_OTG_CoreInitDev
                0x080008cc      0x27c ..\obj\usb_core.o
                0x080008cc                USB_OTG_CoreInitDev
 .text.USB_OTG_EnableDevInt
                0x08000b48       0x98 ..\obj\usb_core.o
                0x08000b48                USB_OTG_EnableDevInt
 .text.USB_OTG_GetDeviceSpeed
                0x08000be0       0x48 ..\obj\usb_core.o
                0x08000be0                USB_OTG_GetDeviceSpeed
 .text.USB_OTG_EP0Activate
                0x08000c28       0x78 ..\obj\usb_core.o
                0x08000c28                USB_OTG_EP0Activate
 .text.USB_OTG_EPActivate
                0x08000ca0       0xdc ..\obj\usb_core.o
                0x08000ca0                USB_OTG_EPActivate
 .text.USB_OTG_EPDeactivate
                0x08000d7c       0x8c ..\obj\usb_core.o
                0x08000d7c                USB_OTG_EPDeactivate
 .text.USB_OTG_EPStartXfer
                0x08000e08      0x280 ..\obj\usb_core.o
                0x08000e08                USB_OTG_EPStartXfer
 .text.USB_OTG_EP0StartXfer
                0x08001088      0x1d4 ..\obj\usb_core.o
                0x08001088                USB_OTG_EP0StartXfer
 .text.USB_OTG_EPSetStall
                0x0800125c       0x88 ..\obj\usb_core.o
                0x0800125c                USB_OTG_EPSetStall
 .text.USB_OTG_EPClearStall
                0x080012e4       0x78 ..\obj\usb_core.o
                0x080012e4                USB_OTG_EPClearStall
 .text.USB_OTG_ReadDevAllOutEp_itr
                0x0800135c       0x2c ..\obj\usb_core.o
                0x0800135c                USB_OTG_ReadDevAllOutEp_itr
 .text.USB_OTG_ReadDevOutEP_itr
                0x08001388       0x38 ..\obj\usb_core.o
                0x08001388                USB_OTG_ReadDevOutEP_itr
 .text.USB_OTG_ReadDevAllInEPItr
                0x080013c0       0x2c ..\obj\usb_core.o
                0x080013c0                USB_OTG_ReadDevAllInEPItr
 .text.USB_OTG_EP0_OutStart
                0x080013ec       0x70 ..\obj\usb_core.o
                0x080013ec                USB_OTG_EP0_OutStart
 .text.USB_OTG_UngateClock
                0x0800145c       0x54 ..\obj\usb_core.o
                0x0800145c                USB_OTG_UngateClock
 .text.SDIO_ITConfig
                0x080014b0       0x50 ..\obj\stm32f4xx_sdio.o
                0x080014b0                SDIO_ITConfig
 .text.SDIO_GetITStatus
                0x08001500       0x38 ..\obj\stm32f4xx_sdio.o
                0x08001500                SDIO_GetITStatus
 .text.SDIO_ClearITPendingBit
                0x08001538       0x20 ..\obj\stm32f4xx_sdio.o
                0x08001538                SDIO_ClearITPendingBit
 .text.USBD_USR_Init
                0x08001558        0xc ..\obj\usbd_usr.o
                0x08001558                USBD_USR_Init
 .text.USBD_USR_DeviceReset
                0x08001564       0x28 ..\obj\usbd_usr.o
                0x08001564                USBD_USR_DeviceReset
 .text.USBD_USR_DeviceConfigured
                0x0800158c        0xc ..\obj\usbd_usr.o
                0x0800158c                USBD_USR_DeviceConfigured
 .text.USBD_USR_DeviceConnected
                0x08001598        0xc ..\obj\usbd_usr.o
                0x08001598                USBD_USR_DeviceConnected
 .text.USBD_USR_DeviceDisconnected
                0x080015a4        0xc ..\obj\usbd_usr.o
                0x080015a4                USBD_USR_DeviceDisconnected
 .text.USBD_USR_DeviceSuspended
                0x080015b0        0xc ..\obj\usbd_usr.o
                0x080015b0                USBD_USR_DeviceSuspended
 .text.USBD_USR_DeviceResumed
                0x080015bc        0xc ..\obj\usbd_usr.o
                0x080015bc                USBD_USR_DeviceResumed
 .text.Audio_MAL_IRQHandler
                0x080015c8      0x174 ..\obj\stm32f4_discovery_audio_codec.o
 .text.DMA1_Stream7_IRQHandler
                0x0800173c        0xc ..\obj\stm32f4_discovery_audio_codec.o
                0x0800173c                DMA1_Stream7_IRQHandler
 .text.DMA1_Stream0_IRQHandler
                0x08001748        0xc ..\obj\stm32f4_discovery_audio_codec.o
                0x08001748                DMA1_Stream0_IRQHandler
 .text.SPI3_IRQHandler
                0x08001754       0x4c ..\obj\stm32f4_discovery_audio_codec.o
                0x08001754                SPI3_IRQHandler
 .text.USART_SendData
                0x080017a0       0x24 ..\obj\stm32f4xx_usart.o
                0x080017a0                USART_SendData
 .text.USART_ReceiveData
                0x080017c4       0x20 ..\obj\stm32f4xx_usart.o
                0x080017c4                USART_ReceiveData
 .text.USART_ITConfig
                0x080017e4       0x90 ..\obj\stm32f4xx_usart.o
                0x080017e4                USART_ITConfig
 .text.USART_GetITStatus
                0x08001874       0xb0 ..\obj\stm32f4xx_usart.o
                0x08001874                USART_GetITStatus
 .text.CAN_DeInit
                0x08001924       0x48 ..\obj\stm32f4xx_can.o
                0x08001924                CAN_DeInit
 .text.CAN_Init
                0x0800196c      0x1a4 ..\obj\stm32f4xx_can.o
                0x0800196c                CAN_Init
 .text.CAN_FilterInit
                0x08001b10      0x1f0 ..\obj\stm32f4xx_can.o
                0x08001b10                CAN_FilterInit
 .text.CAN_Transmit
                0x08001d00      0x190 ..\obj\stm32f4xx_can.o
                0x08001d00                CAN_Transmit
 .text.CAN_Receive
                0x08001e90      0x170 ..\obj\stm32f4xx_can.o
                0x08001e90                CAN_Receive
 .text.DAC_SetChannel1Data
                0x08002000       0x34 ..\obj\stm32f4xx_dac.o
                0x08002000                DAC_SetChannel1Data
 .text.Default_Reset_Handler
                0x08002034       0x60 ..\obj\startup_stm32f4xx.o
                0x08002034                Default_Reset_Handler
                0x08002034                Reset_Handler
 .text.Default_Handler
                0x08002094        0x8 ..\obj\startup_stm32f4xx.o
                0x08002094                RTC_Alarm_IRQHandler
                0x08002094                HASH_RNG_IRQHandler
                0x08002094                EXTI2_IRQHandler
                0x08002094                TIM8_CC_IRQHandler
                0x08002094                TIM1_CC_IRQHandler
                0x08002094                DMA2_Stream5_IRQHandler
                0x08002094                DMA1_Stream5_IRQHandler
                0x08002094                PVD_IRQHandler
                0x08002094                TAMP_STAMP_IRQHandler
                0x08002094                CAN2_RX1_IRQHandler
                0x08002094                EXTI3_IRQHandler
                0x08002094                TIM8_TRG_COM_TIM14_IRQHandler
                0x08002094                TIM1_UP_TIM10_IRQHandler
                0x08002094                I2C3_ER_IRQHandler
                0x08002094                I2C2_EV_IRQHandler
                0x08002094                DMA1_Stream2_IRQHandler
                0x08002094                CAN1_RX0_IRQHandler
                0x08002094                FPU_IRQHandler
                0x08002094                OTG_HS_WKUP_IRQHandler
                0x08002094                CAN2_SCE_IRQHandler
                0x08002094                DMA2_Stream2_IRQHandler
                0x08002094                SPI1_IRQHandler
                0x08002094                TIM6_DAC_IRQHandler
                0x08002094                TIM1_BRK_TIM9_IRQHandler
                0x08002094                DCMI_IRQHandler
                0x08002094                CAN2_RX0_IRQHandler
                0x08002094                USART6_IRQHandler
                0x08002094                CRYP_IRQHandler
                0x08002094                CAN1_RX1_IRQHandler
                0x08002094                UART5_IRQHandler
                0x08002094                DMA2_Stream0_IRQHandler
                0x08002094                I2C1_EV_IRQHandler
                0x08002094                DMA1_Stream6_IRQHandler
                0x08002094                DMA1_Stream1_IRQHandler
                0x08002094                UART4_IRQHandler
                0x08002094                TIM3_IRQHandler
                0x08002094                RCC_IRQHandler
                0x08002094                TIM8_BRK_TIM12_IRQHandler
                0x08002094                EXTI15_10_IRQHandler
                0x08002094                ADC_IRQHandler
                0x08002094                TIM7_IRQHandler
                0x08002094                CAN2_TX_IRQHandler
                0x08002094                DMA2_Stream7_IRQHandler
                0x08002094                I2C3_EV_IRQHandler
                0x08002094                EXTI9_5_IRQHandler
                0x08002094                RTC_WKUP_IRQHandler
                0x08002094                ETH_WKUP_IRQHandler
                0x08002094                SPI2_IRQHandler
                0x08002094                OTG_HS_EP1_IN_IRQHandler
                0x08002094                CAN1_TX_IRQHandler
                0x08002094                EXTI4_IRQHandler
                0x08002094                FSMC_IRQHandler
                0x08002094                ETH_IRQHandler
                0x08002094                OTG_HS_EP1_OUT_IRQHandler
                0x08002094                WWDG_IRQHandler
                0x08002094                TIM2_IRQHandler
                0x08002094                TIM1_TRG_COM_TIM11_IRQHandler
                0x08002094                OTG_HS_IRQHandler
                0x08002094                EXTI1_IRQHandler
                0x08002094                I2C2_ER_IRQHandler
                0x08002094                DMA2_Stream1_IRQHandler
                0x08002094                CAN1_SCE_IRQHandler
                0x08002094                FLASH_IRQHandler
                0x08002094                DMA2_Stream4_IRQHandler
                0x08002094                DMA1_Stream4_IRQHandler
                0x08002094                I2C1_ER_IRQHandler
                0x08002094                DMA2_Stream6_IRQHandler
                0x08002094                DMA1_Stream3_IRQHandler
 .text.USBD_Init
                0x0800209c       0x54 ..\obj\usbd_core.o
                0x0800209c                USBD_Init
 .text.USBD_DeInit
                0x080020f0       0x18 ..\obj\usbd_core.o
                0x080020f0                USBD_DeInit
 .text.USBD_SetupStage
                0x08002108       0x6c ..\obj\usbd_core.o
 .text.USBD_DataOutStage
                0x08002174       0xd0 ..\obj\usbd_core.o
 .text.USBD_DataInStage
                0x08002244      0x104 ..\obj\usbd_core.o
 .text.USBD_Reset
                0x08002348       0x44 ..\obj\usbd_core.o
 .text.USBD_Resume
                0x0800238c       0x24 ..\obj\usbd_core.o
 .text.USBD_Suspend
                0x080023b0       0x24 ..\obj\usbd_core.o
 .text.USBD_SOF
                0x080023d4       0x2c ..\obj\usbd_core.o
 .text.USBD_SetCfg
                0x08002400       0x30 ..\obj\usbd_core.o
                0x08002400                USBD_SetCfg
 .text.USBD_ClrCfg
                0x08002430       0x28 ..\obj\usbd_core.o
                0x08002430                USBD_ClrCfg
 .text.USBD_IsoINIncomplete
                0x08002458       0x20 ..\obj\usbd_core.o
 .text.USBD_IsoOUTIncomplete
                0x08002478       0x20 ..\obj\usbd_core.o
 .text.NVIC_SetPriority
                0x08002498       0x58 ..\obj\main.o
 .text.SysTick_Config
                0x080024f0       0x54 ..\obj\main.o
 .text.init     0x08002544       0xd4 ..\obj\main.o
                0x08002544                init
 .text.main     0x08002618      0x150 ..\obj\main.o
                0x08002618                main
 .text.RCC_AHB1PeriphClockCmd
                0x08002768       0x50 ..\obj\stm32f4xx_rcc.o
                0x08002768                RCC_AHB1PeriphClockCmd
 .text.RCC_AHB2PeriphClockCmd
                0x080027b8       0x50 ..\obj\stm32f4xx_rcc.o
                0x080027b8                RCC_AHB2PeriphClockCmd
 .text.RCC_APB1PeriphClockCmd
                0x08002808       0x50 ..\obj\stm32f4xx_rcc.o
                0x08002808                RCC_APB1PeriphClockCmd
 .text.RCC_APB2PeriphClockCmd
                0x08002858       0x50 ..\obj\stm32f4xx_rcc.o
                0x08002858                RCC_APB2PeriphClockCmd
 .text.RCC_APB1PeriphResetCmd
                0x080028a8       0x50 ..\obj\stm32f4xx_rcc.o
                0x080028a8                RCC_APB1PeriphResetCmd
 .text.ColorfulRingOfDeath
                0x080028f8       0x54 ..\obj\stm32f4xx_it.o
                0x080028f8                ColorfulRingOfDeath
 .text.NMI_Handler
                0x0800294c        0xc ..\obj\stm32f4xx_it.o
                0x0800294c                NMI_Handler
 .text.HardFault_Handler
                0x08002958        0xc ..\obj\stm32f4xx_it.o
                0x08002958                HardFault_Handler
 .text.MemManage_Handler
                0x08002964        0xc ..\obj\stm32f4xx_it.o
                0x08002964                MemManage_Handler
 .text.BusFault_Handler
                0x08002970        0xc ..\obj\stm32f4xx_it.o
                0x08002970                BusFault_Handler
 .text.UsageFault_Handler
                0x0800297c        0xc ..\obj\stm32f4xx_it.o
                0x0800297c                UsageFault_Handler
 .text.SVC_Handler
                0x08002988        0xc ..\obj\stm32f4xx_it.o
                0x08002988                SVC_Handler
 .text.DebugMon_Handler
                0x08002994        0xc ..\obj\stm32f4xx_it.o
                0x08002994                DebugMon_Handler
 .text.PendSV_Handler
                0x080029a0        0xc ..\obj\stm32f4xx_it.o
                0x080029a0                PendSV_Handler
 .text.SysTick_Handler
                0x080029ac       0x48 ..\obj\stm32f4xx_it.o
                0x080029ac                SysTick_Handler
 .text.OTG_FS_IRQHandler
                0x080029f4       0x14 ..\obj\stm32f4xx_it.o
                0x080029f4                OTG_FS_IRQHandler
 .text.OTG_FS_WKUP_IRQHandler
                0x08002a08       0x44 ..\obj\stm32f4xx_it.o
                0x08002a08                OTG_FS_WKUP_IRQHandler
 .text.TIM4_IRQHandler
                0x08002a4c       0x6c ..\obj\stm32f4xx_it.o
                0x08002a4c                TIM4_IRQHandler
 .text.TIM5_IRQHandler
                0x08002ab8       0x6c ..\obj\stm32f4xx_it.o
                0x08002ab8                TIM5_IRQHandler
 .text.TIM8_UP_TIM13_IRQHandler
                0x08002b24       0x6c ..\obj\stm32f4xx_it.o
                0x08002b24                TIM8_UP_TIM13_IRQHandler
 .text.CAN_Configuration
                0x08002b90       0xdc ..\obj\can.o
                0x08002b90                CAN_Configuration
 .text.USBD_USR_DeviceDescriptor
                0x08002c6c       0x28 ..\obj\usbd_desc.o
                0x08002c6c                USBD_USR_DeviceDescriptor
 .text.USBD_USR_LangIDStrDescriptor
                0x08002c94       0x28 ..\obj\usbd_desc.o
                0x08002c94                USBD_USR_LangIDStrDescriptor
 .text.USBD_USR_ProductStrDescriptor
                0x08002cbc       0x50 ..\obj\usbd_desc.o
                0x08002cbc                USBD_USR_ProductStrDescriptor
 .text.USBD_USR_ManufacturerStrDescriptor
                0x08002d0c       0x34 ..\obj\usbd_desc.o
                0x08002d0c                USBD_USR_ManufacturerStrDescriptor
 .text.USBD_USR_SerialStrDescriptor
                0x08002d40       0x50 ..\obj\usbd_desc.o
                0x08002d40                USBD_USR_SerialStrDescriptor
 .text.USBD_USR_ConfigStrDescriptor
                0x08002d90       0x50 ..\obj\usbd_desc.o
                0x08002d90                USBD_USR_ConfigStrDescriptor
 .text.USBD_USR_InterfaceStrDescriptor
                0x08002de0       0x50 ..\obj\usbd_desc.o
                0x08002de0                USBD_USR_InterfaceStrDescriptor
 .text.SD_ProcessIRQSrc
                0x08002e30       0xf0 ..\obj\stm32_ub_sdcard.o
                0x08002e30                SD_ProcessIRQSrc
 .text.SD_ProcessDMAIRQ
                0x08002f20       0x34 ..\obj\stm32_ub_sdcard.o
                0x08002f20                SD_ProcessDMAIRQ
 .text.SDIO_IRQHandler
                0x08002f54        0xc ..\obj\stm32_ub_sdcard.o
                0x08002f54                SDIO_IRQHandler
 .text.DMA2_Stream3_IRQHandler
                0x08002f60        0xc ..\obj\stm32_ub_sdcard.o
                0x08002f60                DMA2_Stream3_IRQHandler
 .text.GPIO_Init
                0x08002f6c      0x11c ..\obj\stm32f4xx_gpio.o
                0x08002f6c                GPIO_Init
 .text.GPIO_PinAFConfig
                0x08003088       0x8c ..\obj\stm32f4xx_gpio.o
                0x08003088                GPIO_PinAFConfig
 .text.VCP_Init
                0x08003114       0x10 ..\obj\usbd_cdc_vcp.o
 .text.VCP_DeInit
                0x08003124       0x10 ..\obj\usbd_cdc_vcp.o
 .text.VCP_Ctrl
                0x08003134      0x13c ..\obj\usbd_cdc_vcp.o
 .text.VCP_send_str
                0x08003270       0x30 ..\obj\usbd_cdc_vcp.o
                0x08003270                VCP_send_str
 .text.VCP_DataTx
                0x080032a0       0x7c ..\obj\usbd_cdc_vcp.o
 .text.VCP_DataRx
                0x0800331c       0x94 ..\obj\usbd_cdc_vcp.o
 .text.SystemInit
                0x080033b0       0x90 ..\obj\system_stm32f4xx.o
                0x080033b0                SystemInit
 .text.SetSysClock
                0x08003440      0x17c ..\obj\system_stm32f4xx.o
 .text._sbrk    0x080035bc       0x5c ..\obj\syscalls.o
                0x080035bc                _sbrk
 .text.DMA_Init
                0x08003618       0xb0 ..\obj\stm32f4xx_dma.o
                0x08003618                DMA_Init
 .text.DMA_Cmd  0x080036c8       0x38 ..\obj\stm32f4xx_dma.o
                0x080036c8                DMA_Cmd
 .text.DMA_GetCmdStatus
                0x08003700       0x30 ..\obj\stm32f4xx_dma.o
                0x08003700                DMA_GetCmdStatus
 .text.DMA_GetFlagStatus
                0x08003730       0x7c ..\obj\stm32f4xx_dma.o
                0x08003730                DMA_GetFlagStatus
 .text.DMA_ClearFlag
                0x080037ac       0x60 ..\obj\stm32f4xx_dma.o
                0x080037ac                DMA_ClearFlag
 .text.EXTI0_IRQHandler
                0x0800380c        0xc ..\obj\exti.o
                0x0800380c                EXTI0_IRQHandler
 .text.USB_OTG_BSP_Init
                0x08003818       0xc8 ..\obj\usb_bsp.o
                0x08003818                USB_OTG_BSP_Init
 .text.USB_OTG_BSP_EnableInterrupt
                0x080038e0       0x30 ..\obj\usb_bsp.o
                0x080038e0                USB_OTG_BSP_EnableInterrupt
 .text.USB_OTG_BSP_uDelay
                0x08003910       0x4c ..\obj\usb_bsp.o
                0x08003910                USB_OTG_BSP_uDelay
 .text.USB_OTG_BSP_mDelay
                0x0800395c       0x20 ..\obj\usb_bsp.o
                0x0800395c                USB_OTG_BSP_mDelay
 .text.USBD_StdDevReq
                0x0800397c       0xa0 ..\obj\usbd_req.o
                0x0800397c                USBD_StdDevReq
 .text.USBD_StdItfReq
                0x08003a1c       0x68 ..\obj\usbd_req.o
                0x08003a1c                USBD_StdItfReq
 .text.USBD_StdEPReq
                0x08003a84      0x1c8 ..\obj\usbd_req.o
                0x08003a84                USBD_StdEPReq
 .text.USBD_GetDescriptor
                0x08003c4c      0x1b8 ..\obj\usbd_req.o
 .text.USBD_SetAddress
                0x08003e04       0x7c ..\obj\usbd_req.o
 .text.USBD_SetConfig
                0x08003e80      0x130 ..\obj\usbd_req.o
 .text.USBD_GetConfig
                0x08003fb0       0x60 ..\obj\usbd_req.o
 .text.USBD_GetStatus
                0x08004010       0x5c ..\obj\usbd_req.o
 .text.USBD_SetFeature
                0x0800406c       0xcc ..\obj\usbd_req.o
 .text.USBD_ClrFeature
                0x08004138       0x50 ..\obj\usbd_req.o
 .text.USBD_ParseSetupRequest
                0x08004188       0x8c ..\obj\usbd_req.o
                0x08004188                USBD_ParseSetupRequest
 .text.USBD_CtlError
                0x08004214       0x48 ..\obj\usbd_req.o
                0x08004214                USBD_CtlError
 .text.USBD_GetString
                0x0800425c       0x7c ..\obj\usbd_req.o
                0x0800425c                USBD_GetString
 .text.USBD_GetLen
                0x080042d8       0x30 ..\obj\usbd_req.o
 .text.USBD_OTG_ISR_Handler
                0x08004308      0x15c ..\obj\usb_dcd_int.o
                0x08004308                USBD_OTG_ISR_Handler
 .text.DCD_HandleResume_ISR
                0x08004464       0x80 ..\obj\usb_dcd_int.o
 .text.DCD_HandleUSBSuspend_ISR
                0x080044e4       0xa8 ..\obj\usb_dcd_int.o
 .text.DCD_HandleInEP_ISR
                0x0800458c      0x1ec ..\obj\usb_dcd_int.o
 .text.DCD_HandleOutEP_ISR
                0x08004778      0x180 ..\obj\usb_dcd_int.o
 .text.DCD_HandleSof_ISR
                0x080048f8       0x38 ..\obj\usb_dcd_int.o
 .text.DCD_HandleRxStatusQueueLevel_ISR
                0x08004930      0x104 ..\obj\usb_dcd_int.o
 .text.DCD_WriteEmptyTxFifo
                0x08004a34       0xe4 ..\obj\usb_dcd_int.o
 .text.DCD_HandleUsbReset_ISR
                0x08004b18      0x144 ..\obj\usb_dcd_int.o
 .text.DCD_HandleEnumDone_ISR
                0x08004c5c       0x78 ..\obj\usb_dcd_int.o
 .text.DCD_IsoINIncomplete_ISR
                0x08004cd4       0x38 ..\obj\usb_dcd_int.o
 .text.DCD_IsoOUTIncomplete_ISR
                0x08004d0c       0x38 ..\obj\usb_dcd_int.o
 .text.DCD_ReadDevInEP
                0x08004d44       0x50 ..\obj\usb_dcd_int.o
 .text.EVAL_AUDIO_TransferComplete_CallBack
                0x08004d94       0x14 ..\obj\stm32f4_discovery_callbacks.o
                0x08004d94                EVAL_AUDIO_TransferComplete_CallBack
 .text.EVAL_AUDIO_GetSampleCallBack
                0x08004da8       0x10 ..\obj\stm32f4_discovery_callbacks.o
                0x08004da8                EVAL_AUDIO_GetSampleCallBack
 .text.usbd_cdc_Init
                0x08004db8       0x90 ..\obj\usbd_cdc_core.o
 .text.usbd_cdc_DeInit
                0x08004e48       0x3c ..\obj\usbd_cdc_core.o
 .text.usbd_cdc_Setup
                0x08004e84      0x144 ..\obj\usbd_cdc_core.o
 .text.usbd_cdc_EP0_RxReady
                0x08004fc8       0x58 ..\obj\usbd_cdc_core.o
 .text.usbd_cdc_DataIn
                0x08005020      0x110 ..\obj\usbd_cdc_core.o
 .text.usbd_cdc_DataOut
                0x08005130       0x60 ..\obj\usbd_cdc_core.o
 .text.usbd_cdc_SOF
                0x08005190       0x40 ..\obj\usbd_cdc_core.o
 .text.Handle_USBAsynchXfer
                0x080051d0      0x190 ..\obj\usbd_cdc_core.o
 .text.USBD_cdc_GetCfgDesc
                0x08005360       0x28 ..\obj\usbd_cdc_core.o
 .text.SPI_I2S_SendData
                0x08005388       0x1c ..\obj\stm32f4xx_spi.o
                0x08005388                SPI_I2S_SendData
 .text.SPI_I2S_GetFlagStatus
                0x080053a4       0x38 ..\obj\stm32f4xx_spi.o
                0x080053a4                SPI_I2S_GetFlagStatus
 .text.EXTI_GetITStatus
                0x080053dc       0x50 ..\obj\stm32f4xx_exti.o
                0x080053dc                EXTI_GetITStatus
 .text.EXTI_ClearITPendingBit
                0x0800542c       0x20 ..\obj\stm32f4xx_exti.o
                0x0800542c                EXTI_ClearITPendingBit
 .text.NVIC_Configuration
                0x0800544c       0x10 ..\obj\nvic.o
                0x0800544c                NVIC_Configuration
 .text.NVIC_PriorityGroupConfig
                0x0800545c       0x28 ..\obj\misc.o
                0x0800545c                NVIC_PriorityGroupConfig
 .text.NVIC_Init
                0x08005484       0xcc ..\obj\misc.o
                0x08005484                NVIC_Init
 .text.DCD_Init
                0x08005550      0x100 ..\obj\usb_dcd.o
                0x08005550                DCD_Init
 .text.DCD_EP_Open
                0x08005650       0x9c ..\obj\usb_dcd.o
                0x08005650                DCD_EP_Open
 .text.DCD_EP_Close
                0x080056ec       0x70 ..\obj\usb_dcd.o
                0x080056ec                DCD_EP_Close
 .text.DCD_EP_PrepareRx
                0x0800575c       0x80 ..\obj\usb_dcd.o
                0x0800575c                DCD_EP_PrepareRx
 .text.DCD_EP_Tx
                0x080057dc       0x78 ..\obj\usb_dcd.o
                0x080057dc                DCD_EP_Tx
 .text.DCD_EP_Stall
                0x08005854       0x74 ..\obj\usb_dcd.o
                0x08005854                DCD_EP_Stall
 .text.DCD_EP_ClrStall
                0x080058c8       0x74 ..\obj\usb_dcd.o
                0x080058c8                DCD_EP_ClrStall
 .text.DCD_EP_SetAddress
                0x0800593c       0x3c ..\obj\usb_dcd.o
                0x0800593c                DCD_EP_SetAddress
 .text.USBD_CtlSendData
                0x08005978       0x40 ..\obj\usbd_ioreq.o
                0x08005978                USBD_CtlSendData
 .text.USBD_CtlContinueSendData
                0x080059b8       0x28 ..\obj\usbd_ioreq.o
                0x080059b8                USBD_CtlContinueSendData
 .text.USBD_CtlPrepareRx
                0x080059e0       0x40 ..\obj\usbd_ioreq.o
                0x080059e0                USBD_CtlPrepareRx
 .text.USBD_CtlContinueRx
                0x08005a20       0x28 ..\obj\usbd_ioreq.o
                0x08005a20                USBD_CtlContinueRx
 .text.USBD_CtlSendStatus
                0x08005a48       0x30 ..\obj\usbd_ioreq.o
                0x08005a48                USBD_CtlSendStatus
 .text.USBD_CtlReceiveStatus
                0x08005a78       0x30 ..\obj\usbd_ioreq.o
                0x08005a78                USBD_CtlReceiveStatus
 .text.TIM_ClearFlag
                0x08005aa8       0x20 ..\obj\stm32f4xx_tim.o
                0x08005aa8                TIM_ClearFlag
 .text.TIM_GetITStatus
                0x08005ac8       0x54 ..\obj\stm32f4xx_tim.o
                0x08005ac8                TIM_GetITStatus
 .text.transmit_uart2_c
                0x08005b1c       0x68 ..\obj\usart.o
                0x08005b1c                transmit_uart2_c
 .text.transmit_uart3_c
                0x08005b84       0x68 ..\obj\usart.o
                0x08005b84                transmit_uart3_c
 .text.USART1_IRQHandler
                0x08005bec       0x34 ..\obj\usart.o
                0x08005bec                USART1_IRQHandler
 .text.USART2_IRQHandler
                0x08005c20       0xc4 ..\obj\usart.o
                0x08005c20                USART2_IRQHandler
 .text.USART3_IRQHandler
                0x08005ce4       0xc4 ..\obj\usart.o
                0x08005ce4                USART3_IRQHandler
 .text          0x08005da8       0xa0 c:/users/hikaru/mentorgraphics/sourcery_codebench_lite_for_arm_eabi/bin/../lib/gcc/arm-none-eabi/4.8.3/../../../../arm-none-eabi/lib/thumb2\libc.a(lib_a-memset.o)
                0x08005da8                memset
 .text          0x08005e48       0x94 c:/users/hikaru/mentorgraphics/sourcery_codebench_lite_for_arm_eabi/bin/../lib/gcc/arm-none-eabi/4.8.3/../../../../arm-none-eabi/lib/thumb2\libc.a(lib_a-sprintf.o)
                0x08005e48                _sprintf_r
                0x08005e8c                sprintf
 .text          0x08005edc     0x14b4 c:/users/hikaru/mentorgraphics/sourcery_codebench_lite_for_arm_eabi/bin/../lib/gcc/arm-none-eabi/4.8.3/../../../../arm-none-eabi/lib/thumb2\libc.a(lib_a-svfprintf.o)
                0x08005edc                _svfprintf_r
 .text          0x08007390     0x10d8 c:/users/hikaru/mentorgraphics/sourcery_codebench_lite_for_arm_eabi/bin/../lib/gcc/arm-none-eabi/4.8.3/../../../../arm-none-eabi/lib/thumb2\libc.a(lib_a-dtoa.o)
                0x080074dc                _dtoa_r
 .text          0x08008468       0x9c c:/users/hikaru/mentorgraphics/sourcery_codebench_lite_for_arm_eabi/bin/../lib/gcc/arm-none-eabi/4.8.3/../../../../arm-none-eabi/lib/thumb2\libc.a(lib_a-locale.o)
                0x08008468                _setlocale_r
                0x080084bc                __locale_charset
                0x080084c8                __locale_mb_cur_max
                0x080084d4                __locale_msgcharset
                0x080084dc                __locale_cjk_lang
                0x080084e0                _localeconv_r
                0x080084e8                setlocale
                0x080084fc                localeconv
 .text          0x08008504       0x20 c:/users/hikaru/mentorgraphics/sourcery_codebench_lite_for_arm_eabi/bin/../lib/gcc/arm-none-eabi/4.8.3/../../../../arm-none-eabi/lib/thumb2\libc.a(lib_a-malloc.o)
                0x08008504                malloc
                0x08008514                free
 .text          0x08008524      0x570 c:/users/hikaru/mentorgraphics/sourcery_codebench_lite_for_arm_eabi/bin/../lib/gcc/arm-none-eabi/4.8.3/../../../../arm-none-eabi/lib/thumb2\libc.a(lib_a-mallocr.o)
                0x08008524                _malloc_r
 .text          0x08008a94       0x90 c:/users/hikaru/mentorgraphics/sourcery_codebench_lite_for_arm_eabi/bin/../lib/gcc/arm-none-eabi/4.8.3/../../../../arm-none-eabi/lib/thumb2\libc.a(lib_a-memchr-stub.o)
                0x08008a94                memchr
 .text          0x08008b24       0xa8 c:/users/hikaru/mentorgraphics/sourcery_codebench_lite_for_arm_eabi/bin/../lib/gcc/arm-none-eabi/4.8.3/../../../../arm-none-eabi/lib/thumb2\libc.a(lib_a-memcpy-stub.o)
                0x08008b24                memcpy
 .text          0x08008bcc        0x8 c:/users/hikaru/mentorgraphics/sourcery_codebench_lite_for_arm_eabi/bin/../lib/gcc/arm-none-eabi/4.8.3/../../../../arm-none-eabi/lib/thumb2\libc.a(lib_a-mlock.o)
                0x08008bcc                __malloc_lock
                0x08008bd0                __malloc_unlock
 .text          0x08008bd4      0x938 c:/users/hikaru/mentorgraphics/sourcery_codebench_lite_for_arm_eabi/bin/../lib/gcc/arm-none-eabi/4.8.3/../../../../arm-none-eabi/lib/thumb2\libc.a(lib_a-mprec.o)
                0x08008bd4                _Balloc
                0x08008c40                _Bfree
                0x08008c78                __multadd
                0x08008d04                __s2b
                0x08008d9c                __hi0bits
                0x08008dd8                __lo0bits
                0x08008e30                __i2b
                0x08008e44                __multiply
                0x08008f84                __pow5mult
                0x0800903c                __lshift
                0x080090f4                __mcmp
                0x08009138                __mdiff
                0x08009224                __ulp
                0x08009268                __b2d
                0x08009314                __d2b
                0x080093d0                __ratio
                0x08009430                _mprec_log10
                0x08009464                __copybits
                0x080094ac                __any_on
 .text          0x0800950c       0x50 c:/users/hikaru/mentorgraphics/sourcery_codebench_lite_for_arm_eabi/bin/../lib/gcc/arm-none-eabi/4.8.3/../../../../arm-none-eabi/lib/thumb2\libc.a(lib_a-s_fpclassify.o)
                0x0800950c                __fpclassifyd
 .text          0x0800955c       0x28 c:/users/hikaru/mentorgraphics/sourcery_codebench_lite_for_arm_eabi/bin/../lib/gcc/arm-none-eabi/4.8.3/../../../../arm-none-eabi/lib/thumb2\libc.a(lib_a-sbrkr.o)
                0x0800955c                _sbrk_r
 .text          0x08009584      0x23c c:/users/hikaru/mentorgraphics/sourcery_codebench_lite_for_arm_eabi/bin/../lib/gcc/arm-none-eabi/4.8.3/../../../../arm-none-eabi/lib/thumb2\libc.a(lib_a-strcmp.o)
                0x08009584                strcmp
 .text          0x080097c0       0x60 c:/users/hikaru/mentorgraphics/sourcery_codebench_lite_for_arm_eabi/bin/../lib/gcc/arm-none-eabi/4.8.3/../../../../arm-none-eabi/lib/thumb2\libc.a(lib_a-strlen.o)
                0x080097c0                strlen
 .text          0x08009820      0xbe0 c:/users/hikaru/mentorgraphics/sourcery_codebench_lite_for_arm_eabi/bin/../lib/gcc/arm-none-eabi/4.8.3/../../../../arm-none-eabi/lib/thumb2\libc.a(lib_a-svfiprintf.o)
                0x08009820                __ssprint_r
                0x08009924                _svfiprintf_r
 .text          0x0800a400       0x64 c:/users/hikaru/mentorgraphics/sourcery_codebench_lite_for_arm_eabi/bin/../lib/gcc/arm-none-eabi/4.8.3/../../../../arm-none-eabi/lib/thumb2\libc.a(lib_a-callocr.o)
                0x0800a400                _calloc_r
 .text          0x0800a464      0x23c c:/users/hikaru/mentorgraphics/sourcery_codebench_lite_for_arm_eabi/bin/../lib/gcc/arm-none-eabi/4.8.3/../../../../arm-none-eabi/lib/thumb2\libc.a(lib_a-freer.o)
                0x0800a464                _malloc_trim_r
                0x0800a508                _free_r
 .text          0x0800a6a0       0xd0 c:/users/hikaru/mentorgraphics/sourcery_codebench_lite_for_arm_eabi/bin/../lib/gcc/arm-none-eabi/4.8.3/../../../../arm-none-eabi/lib/thumb2\libc.a(lib_a-memmove.o)
                0x0800a6a0                memmove
 .text          0x0800a770      0x3ec c:/users/hikaru/mentorgraphics/sourcery_codebench_lite_for_arm_eabi/bin/../lib/gcc/arm-none-eabi/4.8.3/../../../../arm-none-eabi/lib/thumb2\libc.a(lib_a-reallocr.o)
                0x0800a770                _realloc_r
 *fill*         0x0800ab5c        0x4 
 .text          0x0800ab60      0x278 c:/users/hikaru/mentorgraphics/sourcery_codebench_lite_for_arm_eabi/bin/../lib/gcc/arm-none-eabi/4.8.3/thumb2\libgcc.a(_udivsi3.o)
                0x0800ab60                __aeabi_uidiv
                0x0800ab60                __udivsi3
                0x0800adbc                __aeabi_uidivmod
 .text          0x0800add8        0x4 c:/users/hikaru/mentorgraphics/sourcery_codebench_lite_for_arm_eabi/bin/../lib/gcc/arm-none-eabi/4.8.3/thumb2\libgcc.a(_dvmd_tls.o)
                0x0800add8                __aeabi_idiv0
                0x0800add8                __aeabi_ldiv0
 .text          0x0800addc      0x370 c:/users/hikaru/mentorgraphics/sourcery_codebench_lite_for_arm_eabi/bin/../lib/gcc/arm-none-eabi/4.8.3/thumb2\libgcc.a(_arm_addsubdf3.o)
                0x0800addc                __aeabi_drsub
                0x0800ade4                __aeabi_dsub
                0x0800ade4                __subdf3
                0x0800ade8                __aeabi_dadd
                0x0800ade8                __adddf3
                0x0800b060                __floatunsidf
                0x0800b060                __aeabi_ui2d
                0x0800b080                __floatsidf
                0x0800b080                __aeabi_i2d
                0x0800b0a4                __aeabi_f2d
                0x0800b0a4                __extendsfdf2
                0x0800b0e0                __floatundidf
                0x0800b0e0                __aeabi_ul2d
                0x0800b0f0                __floatdidf
                0x0800b0f0                __aeabi_l2d
 .text          0x0800b14c      0x424 c:/users/hikaru/mentorgraphics/sourcery_codebench_lite_for_arm_eabi/bin/../lib/gcc/arm-none-eabi/4.8.3/thumb2\libgcc.a(_arm_muldivdf3.o)
                0x0800b14c                __aeabi_dmul
                0x0800b14c                __muldf3
                0x0800b3a0                __divdf3
                0x0800b3a0                __aeabi_ddiv
 .text          0x0800b570      0x110 c:/users/hikaru/mentorgraphics/sourcery_codebench_lite_for_arm_eabi/bin/../lib/gcc/arm-none-eabi/4.8.3/thumb2\libgcc.a(_arm_cmpdf2.o)
                0x0800b570                __gtdf2
                0x0800b570                __gedf2
                0x0800b578                __ltdf2
                0x0800b578                __ledf2
                0x0800b580                __nedf2
                0x0800b580                __eqdf2
                0x0800b580                __cmpdf2
                0x0800b5fc                __aeabi_cdrcmple
                0x0800b60c                __aeabi_cdcmpeq
                0x0800b60c                __aeabi_cdcmple
                0x0800b61c                __aeabi_dcmpeq
                0x0800b630                __aeabi_dcmplt
                0x0800b644                __aeabi_dcmple
                0x0800b658                __aeabi_dcmpge
                0x0800b66c                __aeabi_dcmpgt
 .text          0x0800b680       0x50 c:/users/hikaru/mentorgraphics/sourcery_codebench_lite_for_arm_eabi/bin/../lib/gcc/arm-none-eabi/4.8.3/thumb2\libgcc.a(_arm_fixdfsi.o)
                0x0800b680                __aeabi_d2iz
                0x0800b680                __fixdfsi
 .text          0x0800b6d0       0x2c c:/users/hikaru/mentorgraphics/sourcery_codebench_lite_for_arm_eabi/bin/../lib/gcc/arm-none-eabi/4.8.3/thumb2\libgcc.a(_aeabi_uldivmod.o)
                0x0800b6d0                __aeabi_uldivmod
 .text          0x0800b6fc       0x60 c:/users/hikaru/mentorgraphics/sourcery_codebench_lite_for_arm_eabi/bin/../lib/gcc/arm-none-eabi/4.8.3/thumb2\libgcc.a(bpabi.o)
                0x0800b6fc                __gnu_ldivmod_helper
                0x0800b72c                __gnu_uldivmod_helper
 .text          0x0800b75c      0x354 c:/users/hikaru/mentorgraphics/sourcery_codebench_lite_for_arm_eabi/bin/../lib/gcc/arm-none-eabi/4.8.3/thumb2\libgcc.a(_divdi3.o)
                0x0800b75c                __divdi3
 .text          0x0800bab0      0x300 c:/users/hikaru/mentorgraphics/sourcery_codebench_lite_for_arm_eabi/bin/../lib/gcc/arm-none-eabi/4.8.3/thumb2\libgcc.a(_udivdi3.o)
                0x0800bab0                __udivdi3
 *(.init)
 *(.fini)
 *crtbegin.o(.ctors)
 *crtbegin?.o(.ctors)
 *(EXCLUDE_FILE(*crtend.o *crtend?.o) .ctors)
 *(SORT(.ctors.*))
 *(.ctors)
 *crtbegin.o(.dtors)
 *crtbegin?.o(.dtors)
 *(EXCLUDE_FILE(*crtend.o *crtend?.o) .dtors)
 *(SORT(.dtors.*))
 *(.dtors)
 *(.rodata*)
 .rodata        0x0800bdb0       0x2c ..\obj\main.o
 .rodata        0x0800bddc       0x98 ..\obj\usbd_desc.o
 .rodata        0x0800be74       0x20 c:/users/hikaru/mentorgraphics/sourcery_codebench_lite_for_arm_eabi/bin/../lib/gcc/arm-none-eabi/4.8.3/../../../../arm-none-eabi/lib/thumb2\libc.a(lib_a-svfprintf.o)
 .rodata.str1.4
                0x0800be94       0x42 c:/users/hikaru/mentorgraphics/sourcery_codebench_lite_for_arm_eabi/bin/../lib/gcc/arm-none-eabi/4.8.3/../../../../arm-none-eabi/lib/thumb2\libc.a(lib_a-svfprintf.o)
                                 0x44 (size before relaxing)
 *fill*         0x0800bed6        0x2 
 .rodata.str1.4
                0x0800bed8       0x10 c:/users/hikaru/mentorgraphics/sourcery_codebench_lite_for_arm_eabi/bin/../lib/gcc/arm-none-eabi/4.8.3/../../../../arm-none-eabi/lib/thumb2\libc.a(lib_a-dtoa.o)
                                 0x14 (size before relaxing)
 .rodata.str1.4
                0x0800bee8        0x2 c:/users/hikaru/mentorgraphics/sourcery_codebench_lite_for_arm_eabi/bin/../lib/gcc/arm-none-eabi/4.8.3/../../../../arm-none-eabi/lib/thumb2\libc.a(lib_a-impure.o)
                                  0x4 (size before relaxing)
 *fill*         0x0800beea        0x2 
 .rodata.str1.4
                0x0800beec        0xc c:/users/hikaru/mentorgraphics/sourcery_codebench_lite_for_arm_eabi/bin/../lib/gcc/arm-none-eabi/4.8.3/../../../../arm-none-eabi/lib/thumb2\libc.a(lib_a-locale.o)
                                 0x14 (size before relaxing)
 .rodata        0x0800bef8      0x128 c:/users/hikaru/mentorgraphics/sourcery_codebench_lite_for_arm_eabi/bin/../lib/gcc/arm-none-eabi/4.8.3/../../../../arm-none-eabi/lib/thumb2\libc.a(lib_a-mprec.o)
                0x0800bf08                __mprec_tens
                0x0800bfd0                __mprec_tinytens
                0x0800bff8                __mprec_bigtens
 .rodata        0x0800c020       0x20 c:/users/hikaru/mentorgraphics/sourcery_codebench_lite_for_arm_eabi/bin/../lib/gcc/arm-none-eabi/4.8.3/../../../../arm-none-eabi/lib/thumb2\libc.a(lib_a-svfiprintf.o)
 .rodata.str1.4
                0x00000000       0x30 c:/users/hikaru/mentorgraphics/sourcery_codebench_lite_for_arm_eabi/bin/../lib/gcc/arm-none-eabi/4.8.3/../../../../arm-none-eabi/lib/thumb2\libc.a(lib_a-svfiprintf.o)
 *(.eh_fram e*)

.glue_7         0x0800c040        0x0
 .glue_7        0x00000000        0x0 linker stubs

.glue_7t        0x0800c040        0x0
 .glue_7t       0x00000000        0x0 linker stubs

.vfp11_veneer   0x0800c040        0x0
 .vfp11_veneer  0x00000000        0x0 linker stubs

.v4_bx          0x0800c040        0x0
 .v4_bx         0x00000000        0x0 linker stubs

.iplt           0x0800c040        0x0
 .iplt          0x00000000        0x0 ..\obj\stm32f4xx_syscfg.o

.ARM.extab
 *(.ARM.extab* .gnu.linkonce.armextab.*)
                0x0800c040                __exidx_start = .

.ARM.exidx      0x0800c040        0x8
 *(.ARM.exidx* .gnu.linkonce.armexidx.*)
 .ARM.exidx     0x0800c040        0x8 c:/users/hikaru/mentorgraphics/sourcery_codebench_lite_for_arm_eabi/bin/../lib/gcc/arm-none-eabi/4.8.3/thumb2\libgcc.a(_divdi3.o)
 .ARM.exidx     0x0800c048        0x0 c:/users/hikaru/mentorgraphics/sourcery_codebench_lite_for_arm_eabi/bin/../lib/gcc/arm-none-eabi/4.8.3/thumb2\libgcc.a(_udivdi3.o)
                                  0x8 (size before relaxing)
                0x0800c048                __exidx_end = .
                0x0800c048                __etext = .
                0x0800c048                _sidata = __etext

.rel.dyn        0x0800c048        0x0
 .rel.iplt      0x00000000        0x0 ..\obj\stm32f4xx_syscfg.o

.data           0x20000000      0x6f8 load address 0x0800c048
                0x20000000                __data_start__ = .
                0x20000000                _sdata = __data_start__
 *(vtable)
 *(.data*)
 .data          0x20000000       0x1c ..\obj\usbd_usr.o
                0x20000000                USR_cb
 .data          0x2000001c       0x34 ..\obj\stm32f4_discovery_audio_codec.o
                0x2000001c                AudioTotalSize
                0x20000020                AudioRemSize
                0x20000024                CODECTimeout
                0x20000028                CurrAudioInterface
                0x2000002c                AUDIO_MAL_DMA_CLOCK
                0x20000030                AUDIO_MAL_DMA_STREAM
                0x20000034                AUDIO_MAL_DMA_DREG
                0x20000038                AUDIO_MAL_DMA_IRQ
                0x2000003c                AUDIO_MAL_DMA_FLAG_TC
                0x20000040                AUDIO_MAL_DMA_FLAG_HT
                0x20000044                AUDIO_MAL_DMA_FLAG_FE
                0x20000048                AUDIO_MAL_DMA_FLAG_TE
                0x2000004c                AUDIO_MAL_DMA_FLAG_DME
 .data          0x20000050       0x30 ..\obj\usbd_core.o
                0x20000050                USBD_DCD_INT_cb
                0x2000007c                USBD_DCD_INT_fops
 .data          0x20000080       0x40 ..\obj\usbd_desc.o
                0x20000080                USR_desc
                0x2000009c                USBD_DeviceDesc
                0x200000b0                USBD_DeviceQualifierDesc
                0x200000bc                USBD_LangIDDesc
 .data          0x200000c0       0x1c ..\obj\usbd_cdc_vcp.o
                0x200000c0                linecoding
                0x200000c8                VCP_fops
 .data          0x200000dc       0x14 ..\obj\system_stm32f4xx.o
                0x200000dc                SystemCoreClock
                0x200000e0                AHBPrescTable
 .data          0x200000f0       0x74 ..\obj\usbd_cdc_core.o
                0x200000f0                usbd_cdc_CfgDesc
                0x20000138                USBD_CDC_cb
 .data          0x20000164       0x14 ..\obj\usart.o
                0x20000164                USART1_RxPtrEnd
                0x20000168                USART2_TxPtrEnd
                0x2000016c                USART2_RxPtrEnd
                0x20000170                USART3_TxPtrEnd
                0x20000174                USART3_RxPtrEnd
 .data          0x20000178       0xf4 c:/users/hikaru/mentorgraphics/sourcery_codebench_lite_for_arm_eabi/bin/../lib/gcc/arm-none-eabi/4.8.3/../../../../arm-none-eabi/lib/thumb2\libc.a(lib_a-impure.o)
                0x20000178                _impure_ptr
 .data          0x2000026c       0x7c c:/users/hikaru/mentorgraphics/sourcery_codebench_lite_for_arm_eabi/bin/../lib/gcc/arm-none-eabi/4.8.3/../../../../arm-none-eabi/lib/thumb2\libc.a(lib_a-locale.o)
                0x2000028c                __mb_cur_max
 .data          0x200002e8      0x410 c:/users/hikaru/mentorgraphics/sourcery_codebench_lite_for_arm_eabi/bin/../lib/gcc/arm-none-eabi/4.8.3/../../../../arm-none-eabi/lib/thumb2\libc.a(lib_a-mallocr.o)
                0x200002e8                __malloc_av_
                0x200006f0                __malloc_sbrk_base
                0x200006f4                __malloc_trim_threshold
                0x200006f8                . = ALIGN (0x4)
                0x200006f8                PROVIDE (__preinit_array_start, .)
 *(.preinit_array)
                0x200006f8                PROVIDE (__preinit_array_end, .)
                0x200006f8                . = ALIGN (0x4)
                0x200006f8                PROVIDE (__init_array_start, .)
 *(SORT(.init_array.*))
 *(.init_array)
                0x200006f8                PROVIDE (__init_array_end, .)
                0x200006f8                . = ALIGN (0x4)
                0x200006f8                PROVIDE (__fini_array_start, .)
 *(SORT(.fini_array.*))
 *(.fini_array)
                0x200006f8                PROVIDE (__fini_array_end, .)
 *(.jcr*)
                0x200006f8                . = ALIGN (0x4)
                0x200006f8                __data_end__ = .
                0x200006f8                _edata = __data_end__

.igot.plt       0x200006f8        0x0 load address 0x0800c740
 .igot.plt      0x00000000        0x0 ..\obj\stm32f4xx_syscfg.o

.bss            0x200006f8     0x1494 load address 0x0800c740
                0x200006f8                . = ALIGN (0x4)
                0x200006f8                __bss_start__ = .
                0x200006f8                _sbss = __bss_start__
 *(.bss*)
 .bss           0x200006f8        0x8 ..\obj\stm32f4xx_it.o
                0x200006f8                ticker
                0x200006fc                downticker
 .bss           0x20000700       0x48 ..\obj\stm32_ub_sdcard.o
                0x20000738                StopCondition
                0x2000073c                TransferError
                0x20000740                TransferEnd
                0x20000744                DMAEndOfTransfer
 .bss           0x20000748        0x4 ..\obj\syscalls.o
 .bss           0x2000074c       0x10 ..\obj\usbd_req.o
                0x2000074c                USBD_ep_status
                0x20000750                USBD_default_cfg
                0x20000754                USBD_cfg_status
 .bss           0x2000075c       0x1c ..\obj\usbd_cdc_core.o
                0x20000760                APP_Rx_ptr_in
                0x20000764                APP_Rx_ptr_out
                0x20000768                APP_Rx_length
                0x2000076c                USB_Tx_State
 .bss           0x20000778       0x14 ..\obj\usart.o
                0x20000778                USART1_RxPtrNow
                0x2000077c                USART2_TxPtrNow
                0x20000780                USART2_RxPtrNow
                0x20000784                USART3_TxPtrNow
                0x20000788                USART3_RxPtrNow
 .bss           0x2000078c       0x34 c:/users/hikaru/mentorgraphics/sourcery_codebench_lite_for_arm_eabi/bin/../lib/gcc/arm-none-eabi/4.8.3/../../../../arm-none-eabi/lib/thumb2\libc.a(lib_a-mallocr.o)
                0x2000078c                __malloc_top_pad
                0x20000790                __malloc_current_mallinfo
                0x200007b8                __malloc_max_sbrked_mem
                0x200007bc                __malloc_max_total_mem
 *(COMMON)
 COMMON         0x200007c0      0x5f4 ..\obj\i2c.o
                0x200007c0                MASTER_SEND_STATE
                0x200007c4                USB_OTG_dev
 COMMON         0x20000db4       0x7c ..\obj\stm32f4_discovery_audio_codec.o
                0x20000db4                CurrentPos
                0x20000db8                AUDIO_MAL_DMA_InitStructure
                0x20000df4                DMA_InitStructure
 COMMON         0x20000e30       0x18 ..\obj\stm32f4xx_it.o
                0x20000e30                TIM4_over_flow
                0x20000e34                TIM5_over_flow
                0x20000e38                TIM8_under_flow
                0x20000e3c                TIM5_under_flow
                0x20000e40                TIM4_under_flow
                0x20000e44                TIM8_over_flow
 COMMON         0x20000e48       0x98 ..\obj\usbd_cdc_vcp.o
                0x20000e48                APP_Tx_Buffer
                0x20000ec8                APP_tx_ptr_tail
                0x20000ecc                USART_InitStructure
                0x20000edc                APP_tx_ptr_head
 COMMON         0x20000ee0       0x32 ..\obj\usbd_req.o
                0x20000ee0                USBD_StrDesc
 *fill*         0x20000f12        0x2 
 COMMON         0x20000f14      0x88c ..\obj\usbd_cdc_core.o
                0x20000f14                usbd_cdc_OtherCfgDesc
                0x20000f58                USB_Rx_Buffer
                0x20000f98                CmdBuff
                0x20000fa0                APP_Rx_Buffer
 COMMON         0x200017a0      0x3e8 ..\obj\usart.o
                0x200017a0                USART3_TxBuffer
                0x20001868                USART2_TxBuffer
                0x20001930                USART3_RxBuffer
                0x200019f8                USART2_RxBuffer
                0x20001ac0                USART1_RxBuffer
 COMMON         0x20001b88        0x4 c:/users/hikaru/mentorgraphics/sourcery_codebench_lite_for_arm_eabi/bin/../lib/gcc/arm-none-eabi/4.8.3/../../../../arm-none-eabi/lib/thumb2\libc.a(lib_a-reent.o)
                0x20001b88                errno
                0x20001b8c                . = ALIGN (0x4)
                0x20001b8c                __bss_end__ = .
                0x20001b8c                _ebss = __bss_end__

.heap           0x20001b8c        0x0
                0x20001b8c                __end__ = .
                0x20001b8c                _end = __end__
                0x20001b8c                end = __end__
 *(.heap*)
                0x20001b8c                __HeapLimit = .

.co_stack       0x20001b8c      0x804 load address 0x0800dbd4
                0x20001b90                . = ALIGN (0x8)
 *fill*         0x20001b8c        0x4 
 *(.co_stack .co_stack.*)
 .co_stack      0x20001b90      0x800 ..\obj\startup_stm32f4xx.o
                0x20001b90                pulStack
                0x20020000                __StackTop = (ORIGIN (ram) + 0x20000)
                0x2001f7fc                __StackLimit = (__StackTop - SIZEOF (.co_stack))
                0x20020000                PROVIDE (__stack, __StackTop)
                0x00000001                ASSERT ((__StackLimit >= __HeapLimit), region ram  overflowed with stack)
LOAD ..\obj\stm32f4xx_syscfg.o
LOAD ..\obj\usb_core.o
LOAD ..\obj\spi.o
LOAD ..\obj\stm32f4xx_sdio.o
LOAD ..\obj\i2c.o
LOAD ..\obj\usbd_usr.o
LOAD ..\obj\stm32f4_discovery_audio_codec.o
LOAD ..\obj\stm32f4xx_usart.o
LOAD ..\obj\stm32f4xx_can.o
LOAD ..\obj\stm32f4xx_dac.o
LOAD ..\obj\tim_encoder.o
LOAD ..\obj\diskio.o
LOAD ..\obj\startup_stm32f4xx.o
LOAD ..\obj\stm32f4_discovery.o
LOAD ..\obj\usbd_core.o
LOAD ..\obj\main.o
LOAD ..\obj\stm32_ub_fatfs.o
LOAD ..\obj\stm32f4xx_rcc.o
LOAD ..\obj\stm32f4xx_it.o
LOAD ..\obj\stm32f4xx_adc.o
LOAD ..\obj\can.o
LOAD ..\obj\usbd_desc.o
LOAD ..\obj\tim_pwm.o
LOAD ..\obj\stm32_ub_sdcard.o
LOAD ..\obj\stm32f4xx_gpio.o
LOAD ..\obj\stm32_ub_usbdisk.o
LOAD ..\obj\usbd_cdc_vcp.o
LOAD ..\obj\system_stm32f4xx.o
LOAD ..\obj\syscalls.o
LOAD ..\obj\stm32f4xx_dma.o
LOAD ..\obj\exti.o
LOAD ..\obj\adc.o
LOAD ..\obj\usb_bsp.o
LOAD ..\obj\usbd_req.o
LOAD ..\obj\usb_dcd_int.o
LOAD ..\obj\stm32f4_discovery_callbacks.o
LOAD ..\obj\usbd_cdc_core.o
LOAD ..\obj\stm32_ub_atadrive.o
LOAD ..\obj\ff.o
LOAD ..\obj\stm32f4xx_spi.o
LOAD ..\obj\stm32f4xx_i2c.o
LOAD ..\obj\stm32f4xx_exti.o
LOAD ..\obj\nvic.o
LOAD ..\obj\misc.o
LOAD ..\obj\usb_dcd.o
LOAD ..\obj\stm32f4_discovery_lis302dl.o
LOAD ..\obj\usbd_ioreq.o
LOAD ..\obj\stm32f4xx_tim.o
LOAD ..\obj\usart.o
LOAD ..\..\..\STM32F4-Discovery\libpdmfilter_gcc.a
START GROUP
LOAD c:/users/hikaru/mentorgraphics/sourcery_codebench_lite_for_arm_eabi/bin/../lib/gcc/arm-none-eabi/4.8.3/thumb2\libgcc.a
LOAD c:/users/hikaru/mentorgraphics/sourcery_codebench_lite_for_arm_eabi/bin/../lib/gcc/arm-none-eabi/4.8.3/../../../../arm-none-eabi/lib/thumb2\libc.a
END GROUP
OUTPUT(stm32f4_2LayerBoard.elf elf32-littlearm)

.debug_info     0x00000000    0x1b775
 .debug_info    0x00000000     0x24ef ..\obj\usb_core.o
 .debug_info    0x000024ef      0x7d4 ..\obj\stm32f4xx_sdio.o
 .debug_info    0x00002cc3      0xfb4 ..\obj\i2c.o
 .debug_info    0x00003c77      0x1b5 ..\obj\usbd_usr.o
 .debug_info    0x00003e2c     0x1044 ..\obj\stm32f4_discovery_audio_codec.o
 .debug_info    0x00004e70      0x996 ..\obj\stm32f4xx_usart.o
 .debug_info    0x00005806      0xb70 ..\obj\stm32f4xx_can.o
 .debug_info    0x00006376      0x60e ..\obj\stm32f4xx_dac.o
 .debug_info    0x00006984       0xed ..\obj\startup_stm32f4xx.o
 .debug_info    0x00006a71      0xe69 ..\obj\usbd_core.o
 .debug_info    0x000078da     0x1623 ..\obj\main.o
 .debug_info    0x00008efd      0xc21 ..\obj\stm32f4xx_rcc.o
 .debug_info    0x00009b1e      0xeee ..\obj\stm32f4xx_it.o
 .debug_info    0x0000aa0c     0x108b ..\obj\can.o
 .debug_info    0x0000ba97      0x342 ..\obj\usbd_desc.o
 .debug_info    0x0000bdd9     0x1b3f ..\obj\stm32_ub_sdcard.o
 .debug_info    0x0000d918      0x5d6 ..\obj\stm32f4xx_gpio.o
 .debug_info    0x0000deee      0x482 ..\obj\usbd_cdc_vcp.o
 .debug_info    0x0000e370      0x566 ..\obj\system_stm32f4xx.o
 .debug_info    0x0000e8d6      0x3ee ..\obj\syscalls.o
 .debug_info    0x0000ecc4      0x718 ..\obj\stm32f4xx_dma.o
 .debug_info    0x0000f3dc      0xfeb ..\obj\exti.o
 .debug_info    0x000103c7      0xfd8 ..\obj\usb_bsp.o
 .debug_info    0x0001139f      0xf6f ..\obj\usbd_req.o
 .debug_info    0x0001230e     0x1d41 ..\obj\usb_dcd_int.o
 .debug_info    0x0001404f       0xe8 ..\obj\stm32f4_discovery_callbacks.o
 .debug_info    0x00014137      0xec6 ..\obj\usbd_cdc_core.o
 .debug_info    0x00014ffd      0xadb ..\obj\stm32f4xx_spi.o
 .debug_info    0x00015ad8      0x331 ..\obj\stm32f4xx_exti.o
 .debug_info    0x00015e09      0xb53 ..\obj\nvic.o
 .debug_info    0x0001695c      0x51c ..\obj\misc.o
 .debug_info    0x00016e78      0xff3 ..\obj\usb_dcd.o
 .debug_info    0x00017e6b      0xc8b ..\obj\usbd_ioreq.o
 .debug_info    0x00018af6     0x1c35 ..\obj\stm32f4xx_tim.o
 .debug_info    0x0001a72b     0x104a ..\obj\usart.o

.debug_abbrev   0x00000000     0x3cb0
 .debug_abbrev  0x00000000      0x2e7 ..\obj\usb_core.o
 .debug_abbrev  0x000002e7      0x177 ..\obj\stm32f4xx_sdio.o
 .debug_abbrev  0x0000045e      0x1e7 ..\obj\i2c.o
 .debug_abbrev  0x00000645       0xdd ..\obj\usbd_usr.o
 .debug_abbrev  0x00000722      0x256 ..\obj\stm32f4_discovery_audio_codec.o
 .debug_abbrev  0x00000978      0x155 ..\obj\stm32f4xx_usart.o
 .debug_abbrev  0x00000acd      0x1f3 ..\obj\stm32f4xx_can.o
 .debug_abbrev  0x00000cc0      0x17c ..\obj\stm32f4xx_dac.o
 .debug_abbrev  0x00000e3c       0xb0 ..\obj\startup_stm32f4xx.o
 .debug_abbrev  0x00000eec      0x21d ..\obj\usbd_core.o
 .debug_abbrev  0x00001109      0x284 ..\obj\main.o
 .debug_abbrev  0x0000138d      0x1e3 ..\obj\stm32f4xx_rcc.o
 .debug_abbrev  0x00001570      0x21b ..\obj\stm32f4xx_it.o
 .debug_abbrev  0x0000178b      0x1ba ..\obj\can.o
 .debug_abbrev  0x00001945      0x12c ..\obj\usbd_desc.o
 .debug_abbrev  0x00001a71      0x283 ..\obj\stm32_ub_sdcard.o
 .debug_abbrev  0x00001cf4      0x1a3 ..\obj\stm32f4xx_gpio.o
 .debug_abbrev  0x00001e97      0x189 ..\obj\usbd_cdc_vcp.o
 .debug_abbrev  0x00002020      0x136 ..\obj\system_stm32f4xx.o
 .debug_abbrev  0x00002156       0xe2 ..\obj\syscalls.o
 .debug_abbrev  0x00002238      0x155 ..\obj\stm32f4xx_dma.o
 .debug_abbrev  0x0000238d      0x1dd ..\obj\exti.o
 .debug_abbrev  0x0000256a      0x22b ..\obj\usb_bsp.o
 .debug_abbrev  0x00002795      0x293 ..\obj\usbd_req.o
 .debug_abbrev  0x00002a28      0x25b ..\obj\usb_dcd_int.o
 .debug_abbrev  0x00002c83       0x90 ..\obj\stm32f4_discovery_callbacks.o
 .debug_abbrev  0x00002d13      0x215 ..\obj\usbd_cdc_core.o
 .debug_abbrev  0x00002f28      0x167 ..\obj\stm32f4xx_spi.o
 .debug_abbrev  0x0000308f      0x1a5 ..\obj\stm32f4xx_exti.o
 .debug_abbrev  0x00003234      0x1a0 ..\obj\nvic.o
 .debug_abbrev  0x000033d4      0x145 ..\obj\misc.o
 .debug_abbrev  0x00003519      0x259 ..\obj\usb_dcd.o
 .debug_abbrev  0x00003772      0x1af ..\obj\usbd_ioreq.o
 .debug_abbrev  0x00003921      0x187 ..\obj\stm32f4xx_tim.o
 .debug_abbrev  0x00003aa8      0x208 ..\obj\usart.o

.debug_aranges  0x00000000     0x15a0
 .debug_aranges
                0x00000000      0x138 ..\obj\usb_core.o
 .debug_aranges
                0x00000138      0x108 ..\obj\stm32f4xx_sdio.o
 .debug_aranges
                0x00000240       0x58 ..\obj\i2c.o
 .debug_aranges
                0x00000298       0x50 ..\obj\usbd_usr.o
 .debug_aranges
                0x000002e8      0x130 ..\obj\stm32f4_discovery_audio_codec.o
 .debug_aranges
                0x00000418      0x100 ..\obj\stm32f4xx_usart.o
 .debug_aranges
                0x00000518       0xe0 ..\obj\stm32f4xx_can.o
 .debug_aranges
                0x000005f8       0xa0 ..\obj\stm32f4xx_dac.o
 .debug_aranges
                0x00000698       0x28 ..\obj\startup_stm32f4xx.o
 .debug_aranges
                0x000006c0       0x80 ..\obj\usbd_core.o
 .debug_aranges
                0x00000740       0x40 ..\obj\main.o
 .debug_aranges
                0x00000780      0x178 ..\obj\stm32f4xx_rcc.o
 .debug_aranges
                0x000008f8       0x90 ..\obj\stm32f4xx_it.o
 .debug_aranges
                0x00000988       0x20 ..\obj\can.o
 .debug_aranges
                0x000009a8       0x50 ..\obj\usbd_desc.o
 .debug_aranges
                0x000009f8      0x1a8 ..\obj\stm32_ub_sdcard.o
 .debug_aranges
                0x00000ba0       0x88 ..\obj\stm32f4xx_gpio.o
 .debug_aranges
                0x00000c28       0x70 ..\obj\usbd_cdc_vcp.o
 .debug_aranges
                0x00000c98       0x30 ..\obj\system_stm32f4xx.o
 .debug_aranges
                0x00000cc8       0x60 ..\obj\syscalls.o
 .debug_aranges
                0x00000d28       0xb0 ..\obj\stm32f4xx_dma.o
 .debug_aranges
                0x00000dd8       0x28 ..\obj\exti.o
 .debug_aranges
                0x00000e00       0x48 ..\obj\usb_bsp.o
 .debug_aranges
                0x00000e48       0x88 ..\obj\usbd_req.o
 .debug_aranges
                0x00000ed0       0x80 ..\obj\usb_dcd_int.o
 .debug_aranges
                0x00000f50       0x28 ..\obj\stm32f4_discovery_callbacks.o
 .debug_aranges
                0x00000f78       0x60 ..\obj\usbd_cdc_core.o
 .debug_aranges
                0x00000fd8       0xe0 ..\obj\stm32f4xx_spi.o
 .debug_aranges
                0x000010b8       0x58 ..\obj\stm32f4xx_exti.o
 .debug_aranges
                0x00001110       0x20 ..\obj\nvic.o
 .debug_aranges
                0x00001130       0x40 ..\obj\misc.o
 .debug_aranges
                0x00001170       0x80 ..\obj\usb_dcd.o
 .debug_aranges
                0x000011f0       0x50 ..\obj\usbd_ioreq.o
 .debug_aranges
                0x00001240      0x2f8 ..\obj\stm32f4xx_tim.o
 .debug_aranges
                0x00001538       0x68 ..\obj\usart.o

.debug_ranges   0x00000000     0x1370
 .debug_ranges  0x00000000      0x128 ..\obj\usb_core.o
 .debug_ranges  0x00000128       0xf8 ..\obj\stm32f4xx_sdio.o
 .debug_ranges  0x00000220       0x48 ..\obj\i2c.o
 .debug_ranges  0x00000268       0x40 ..\obj\usbd_usr.o
 .debug_ranges  0x000002a8      0x120 ..\obj\stm32f4_discovery_audio_codec.o
 .debug_ranges  0x000003c8       0xf0 ..\obj\stm32f4xx_usart.o
 .debug_ranges  0x000004b8       0xd0 ..\obj\stm32f4xx_can.o
 .debug_ranges  0x00000588       0x90 ..\obj\stm32f4xx_dac.o
 .debug_ranges  0x00000618       0x18 ..\obj\startup_stm32f4xx.o
 .debug_ranges  0x00000630       0x70 ..\obj\usbd_core.o
 .debug_ranges  0x000006a0       0x30 ..\obj\main.o
 .debug_ranges  0x000006d0      0x168 ..\obj\stm32f4xx_rcc.o
 .debug_ranges  0x00000838       0x80 ..\obj\stm32f4xx_it.o
 .debug_ranges  0x000008b8       0x10 ..\obj\can.o
 .debug_ranges  0x000008c8       0x40 ..\obj\usbd_desc.o
 .debug_ranges  0x00000908      0x198 ..\obj\stm32_ub_sdcard.o
 .debug_ranges  0x00000aa0       0x78 ..\obj\stm32f4xx_gpio.o
 .debug_ranges  0x00000b18       0x60 ..\obj\usbd_cdc_vcp.o
 .debug_ranges  0x00000b78       0x20 ..\obj\system_stm32f4xx.o
 .debug_ranges  0x00000b98       0x50 ..\obj\syscalls.o
 .debug_ranges  0x00000be8       0xa0 ..\obj\stm32f4xx_dma.o
 .debug_ranges  0x00000c88       0x18 ..\obj\exti.o
 .debug_ranges  0x00000ca0       0x38 ..\obj\usb_bsp.o
 .debug_ranges  0x00000cd8       0x78 ..\obj\usbd_req.o
 .debug_ranges  0x00000d50       0x70 ..\obj\usb_dcd_int.o
 .debug_ranges  0x00000dc0       0x18 ..\obj\stm32f4_discovery_callbacks.o
 .debug_ranges  0x00000dd8       0x50 ..\obj\usbd_cdc_core.o
 .debug_ranges  0x00000e28       0xd0 ..\obj\stm32f4xx_spi.o
 .debug_ranges  0x00000ef8       0x48 ..\obj\stm32f4xx_exti.o
 .debug_ranges  0x00000f40       0x10 ..\obj\nvic.o
 .debug_ranges  0x00000f50       0x30 ..\obj\misc.o
 .debug_ranges  0x00000f80       0x70 ..\obj\usb_dcd.o
 .debug_ranges  0x00000ff0       0x40 ..\obj\usbd_ioreq.o
 .debug_ranges  0x00001030      0x2e8 ..\obj\stm32f4xx_tim.o
 .debug_ranges  0x00001318       0x58 ..\obj\usart.o

.debug_line     0x00000000     0x7c42
 .debug_line    0x00000000      0x679 ..\obj\usb_core.o
 .debug_line    0x00000679      0x40b ..\obj\stm32f4xx_sdio.o
 .debug_line    0x00000a84      0x324 ..\obj\i2c.o
 .debug_line    0x00000da8      0x1cb ..\obj\usbd_usr.o
 .debug_line    0x00000f73      0x6d3 ..\obj\stm32f4_discovery_audio_codec.o
 .debug_line    0x00001646      0x46a ..\obj\stm32f4xx_usart.o
 .debug_line    0x00001ab0      0x534 ..\obj\stm32f4xx_can.o
 .debug_line    0x00001fe4      0x323 ..\obj\stm32f4xx_dac.o
 .debug_line    0x00002307       0xa7 ..\obj\startup_stm32f4xx.o
 .debug_line    0x000023ae      0x2f5 ..\obj\usbd_core.o
 .debug_line    0x000026a3      0x3bb ..\obj\main.o
 .debug_line    0x00002a5e      0x563 ..\obj\stm32f4xx_rcc.o
 .debug_line    0x00002fc1      0x2cd ..\obj\stm32f4xx_it.o
 .debug_line    0x0000328e      0x245 ..\obj\can.o
 .debug_line    0x000034d3      0x1ef ..\obj\usbd_desc.o
 .debug_line    0x000036c2      0xbd6 ..\obj\stm32_ub_sdcard.o
 .debug_line    0x00004298      0x306 ..\obj\stm32f4xx_gpio.o
 .debug_line    0x0000459e      0x2fb ..\obj\usbd_cdc_vcp.o
 .debug_line    0x00004899      0x1a4 ..\obj\system_stm32f4xx.o
 .debug_line    0x00004a3d      0x189 ..\obj\syscalls.o
 .debug_line    0x00004bc6      0x3a3 ..\obj\stm32f4xx_dma.o
 .debug_line    0x00004f69      0x248 ..\obj\exti.o
 .debug_line    0x000051b1      0x293 ..\obj\usb_bsp.o
 .debug_line    0x00005444      0x3a5 ..\obj\usbd_req.o
 .debug_line    0x000057e9      0x35c ..\obj\usb_dcd_int.o
 .debug_line    0x00005b45      0x131 ..\obj\stm32f4_discovery_callbacks.o
 .debug_line    0x00005c76      0x2c1 ..\obj\usbd_cdc_core.o
 .debug_line    0x00005f37      0x419 ..\obj\stm32f4xx_spi.o
 .debug_line    0x00006350      0x26c ..\obj\stm32f4xx_exti.o
 .debug_line    0x000065bc      0x200 ..\obj\nvic.o
 .debug_line    0x000067bc      0x20c ..\obj\misc.o
 .debug_line    0x000069c8      0x2e4 ..\obj\usb_dcd.o
 .debug_line    0x00006cac      0x209 ..\obj\usbd_ioreq.o
 .debug_line    0x00006eb5      0xa2c ..\obj\stm32f4xx_tim.o
 .debug_line    0x000078e1      0x361 ..\obj\usart.o

.debug_str      0x00000000     0x72e0
 .debug_str     0x00000000     0x12f4 ..\obj\usb_core.o
                               0x1640 (size before relaxing)
 .debug_str     0x000012f4      0x4ca ..\obj\stm32f4xx_sdio.o
                                0x600 (size before relaxing)
 .debug_str     0x000017be      0x412 ..\obj\i2c.o
                                0xcb5 (size before relaxing)
 .debug_str     0x00001bd0       0xeb ..\obj\usbd_usr.o
                                0x276 (size before relaxing)
 .debug_str     0x00001cbb      0xc20 ..\obj\stm32f4_discovery_audio_codec.o
                               0x1027 (size before relaxing)
 .debug_str     0x000028db      0x48f ..\obj\stm32f4xx_usart.o
                                0x644 (size before relaxing)
 .debug_str     0x00002d6a      0x522 ..\obj\stm32f4xx_can.o
                                0x6f3 (size before relaxing)
 .debug_str     0x0000328c      0x240 ..\obj\stm32f4xx_dac.o
                                0x408 (size before relaxing)
 .debug_str     0x000034cc       0xb6 ..\obj\startup_stm32f4xx.o
                                0x126 (size before relaxing)
 .debug_str     0x00003582      0x194 ..\obj\usbd_core.o
                                0xa86 (size before relaxing)
 .debug_str     0x00003716      0x170 ..\obj\main.o
                               0x12ad (size before relaxing)
 .debug_str     0x00003886      0x5db ..\obj\stm32f4xx_rcc.o
                                0x805 (size before relaxing)
 .debug_str     0x00003e61      0x246 ..\obj\stm32f4xx_it.o
                                0xb65 (size before relaxing)
 .debug_str     0x000040a7       0x70 ..\obj\can.o
                                0xe0d (size before relaxing)
 .debug_str     0x00004117      0x15b ..\obj\usbd_desc.o
                                0x344 (size before relaxing)
 .debug_str     0x00004272      0xc81 ..\obj\stm32_ub_sdcard.o
                               0x1843 (size before relaxing)
 .debug_str     0x00004ef3      0x181 ..\obj\stm32f4xx_gpio.o
                                0x458 (size before relaxing)
 .debug_str     0x00005074      0x1cb ..\obj\usbd_cdc_vcp.o
                                0x36b (size before relaxing)
 .debug_str     0x0000523f       0xba ..\obj\system_stm32f4xx.o
                                0x35f (size before relaxing)
 .debug_str     0x000052f9      0x154 ..\obj\syscalls.o
                                0x2c3 (size before relaxing)
 .debug_str     0x0000544d      0x245 ..\obj\stm32f4xx_dma.o
                                0x501 (size before relaxing)
 .debug_str     0x00005692      0x139 ..\obj\exti.o
                               0x11b5 (size before relaxing)
 .debug_str     0x000057cb       0xd1 ..\obj\usb_bsp.o
                               0x1087 (size before relaxing)
 .debug_str     0x0000589c      0x17a ..\obj\usbd_req.o
                                0xab1 (size before relaxing)
 .debug_str     0x00005a16      0x27a ..\obj\usb_dcd_int.o
                               0x123e (size before relaxing)
 .debug_str     0x00005c90       0x8e ..\obj\stm32f4_discovery_callbacks.o
                                0x1a4 (size before relaxing)
 .debug_str     0x00005d1e      0x197 ..\obj\usbd_cdc_core.o
                                0xace (size before relaxing)
 .debug_str     0x00005eb5      0x31e ..\obj\stm32f4xx_spi.o
                                0x63f (size before relaxing)
 .debug_str     0x000061d3      0x106 ..\obj\stm32f4xx_exti.o
                                0x323 (size before relaxing)
 .debug_str     0x000062d9       0x35 ..\obj\nvic.o
                                0xa24 (size before relaxing)
 .debug_str     0x0000630e      0x119 ..\obj\misc.o
                                0x38e (size before relaxing)
 .debug_str     0x00006427      0x115 ..\obj\usb_dcd.o
                                0xae0 (size before relaxing)
 .debug_str     0x0000653c       0xd0 ..\obj\usbd_ioreq.o
                                0x970 (size before relaxing)
 .debug_str     0x0000660c      0xaf5 ..\obj\stm32f4xx_tim.o
                                0xd85 (size before relaxing)
 .debug_str     0x00007101      0x1df ..\obj\usart.o
                                0xda5 (size before relaxing)

.comment        0x00000000       0x46
 .comment       0x00000000       0x46 ..\obj\usb_core.o
                                 0x47 (size before relaxing)
 .comment       0x00000000       0x47 ..\obj\stm32f4xx_sdio.o
 .comment       0x00000000       0x47 ..\obj\i2c.o
 .comment       0x00000000       0x47 ..\obj\usbd_usr.o
 .comment       0x00000000       0x47 ..\obj\stm32f4_discovery_audio_codec.o
 .comment       0x00000000       0x47 ..\obj\stm32f4xx_usart.o
 .comment       0x00000000       0x47 ..\obj\stm32f4xx_can.o
 .comment       0x00000000       0x47 ..\obj\stm32f4xx_dac.o
 .comment       0x00000000       0x47 ..\obj\startup_stm32f4xx.o
 .comment       0x00000000       0x47 ..\obj\usbd_core.o
 .comment       0x00000000       0x47 ..\obj\main.o
 .comment       0x00000000       0x47 ..\obj\stm32f4xx_rcc.o
 .comment       0x00000000       0x47 ..\obj\stm32f4xx_it.o
 .comment       0x00000000       0x47 ..\obj\can.o
 .comment       0x00000000       0x47 ..\obj\usbd_desc.o
 .comment       0x00000000       0x47 ..\obj\stm32_ub_sdcard.o
 .comment       0x00000000       0x47 ..\obj\stm32f4xx_gpio.o
 .comment       0x00000000       0x47 ..\obj\usbd_cdc_vcp.o
 .comment       0x00000000       0x47 ..\obj\system_stm32f4xx.o
 .comment       0x00000000       0x47 ..\obj\syscalls.o
 .comment       0x00000000       0x47 ..\obj\stm32f4xx_dma.o
 .comment       0x00000000       0x47 ..\obj\exti.o
 .comment       0x00000000       0x47 ..\obj\usb_bsp.o
 .comment       0x00000000       0x47 ..\obj\usbd_req.o
 .comment       0x00000000       0x47 ..\obj\usb_dcd_int.o
 .comment       0x00000000       0x47 ..\obj\stm32f4_discovery_callbacks.o
 .comment       0x00000000       0x47 ..\obj\usbd_cdc_core.o
 .comment       0x00000000       0x47 ..\obj\stm32f4xx_spi.o
 .comment       0x00000000       0x47 ..\obj\stm32f4xx_exti.o
 .comment       0x00000000       0x47 ..\obj\nvic.o
 .comment       0x00000000       0x47 ..\obj\misc.o
 .comment       0x00000000       0x47 ..\obj\usb_dcd.o
 .comment       0x00000000       0x47 ..\obj\usbd_ioreq.o
 .comment       0x00000000       0x47 ..\obj\stm32f4xx_tim.o
 .comment       0x00000000       0x47 ..\obj\usart.o

.ARM.attributes
                0x00000000       0x31
 .ARM.attributes
                0x00000000       0x33 ..\obj\usb_core.o
 .ARM.attributes
                0x00000033       0x33 ..\obj\stm32f4xx_sdio.o
 .ARM.attributes
                0x00000066       0x33 ..\obj\i2c.o
 .ARM.attributes
                0x00000099       0x33 ..\obj\usbd_usr.o
 .ARM.attributes
                0x000000cc       0x33 ..\obj\stm32f4_discovery_audio_codec.o
 .ARM.attributes
                0x000000ff       0x33 ..\obj\stm32f4xx_usart.o
 .ARM.attributes
                0x00000132       0x33 ..\obj\stm32f4xx_can.o
 .ARM.attributes
                0x00000165       0x33 ..\obj\stm32f4xx_dac.o
 .ARM.attributes
                0x00000198       0x33 ..\obj\startup_stm32f4xx.o
 .ARM.attributes
                0x000001cb       0x33 ..\obj\usbd_core.o
 .ARM.attributes
                0x000001fe       0x33 ..\obj\main.o
 .ARM.attributes
                0x00000231       0x33 ..\obj\stm32f4xx_rcc.o
 .ARM.attributes
                0x00000264       0x33 ..\obj\stm32f4xx_it.o
 .ARM.attributes
                0x00000297       0x33 ..\obj\can.o
 .ARM.attributes
                0x000002ca       0x33 ..\obj\usbd_desc.o
 .ARM.attributes
                0x000002fd       0x33 ..\obj\stm32_ub_sdcard.o
 .ARM.attributes
                0x00000330       0x33 ..\obj\stm32f4xx_gpio.o
 .ARM.attributes
                0x00000363       0x33 ..\obj\usbd_cdc_vcp.o
 .ARM.attributes
                0x00000396       0x33 ..\obj\system_stm32f4xx.o
 .ARM.attributes
                0x000003c9       0x33 ..\obj\syscalls.o
 .ARM.attributes
                0x000003fc       0x33 ..\obj\stm32f4xx_dma.o
 .ARM.attributes
                0x0000042f       0x33 ..\obj\exti.o
 .ARM.attributes
                0x00000462       0x33 ..\obj\usb_bsp.o
 .ARM.attributes
                0x00000495       0x33 ..\obj\usbd_req.o
 .ARM.attributes
                0x000004c8       0x33 ..\obj\usb_dcd_int.o
 .ARM.attributes
                0x000004fb       0x33 ..\obj\stm32f4_discovery_callbacks.o
 .ARM.attributes
                0x0000052e       0x33 ..\obj\usbd_cdc_core.o
 .ARM.attributes
                0x00000561       0x33 ..\obj\stm32f4xx_spi.o
 .ARM.attributes
                0x00000594       0x33 ..\obj\stm32f4xx_exti.o
 .ARM.attributes
                0x000005c7       0x33 ..\obj\nvic.o
 .ARM.attributes
                0x000005fa       0x33 ..\obj\misc.o
 .ARM.attributes
                0x0000062d       0x33 ..\obj\usb_dcd.o
 .ARM.attributes
                0x00000660       0x33 ..\obj\usbd_ioreq.o
 .ARM.attributes
                0x00000693       0x33 ..\obj\stm32f4xx_tim.o
 .ARM.attributes
                0x000006c6       0x33 ..\obj\usart.o
 .ARM.attributes
                0x000006f9       0x29 c:/users/hikaru/mentorgraphics/sourcery_codebench_lite_for_arm_eabi/bin/../lib/gcc/arm-none-eabi/4.8.3/../../../../arm-none-eabi/lib/thumb2\libc.a(lib_a-memset.o)
 .ARM.attributes
                0x00000722       0x29 c:/users/hikaru/mentorgraphics/sourcery_codebench_lite_for_arm_eabi/bin/../lib/gcc/arm-none-eabi/4.8.3/../../../../arm-none-eabi/lib/thumb2\libc.a(lib_a-sprintf.o)
 .ARM.attributes
                0x0000074b       0x29 c:/users/hikaru/mentorgraphics/sourcery_codebench_lite_for_arm_eabi/bin/../lib/gcc/arm-none-eabi/4.8.3/../../../../arm-none-eabi/lib/thumb2\libc.a(lib_a-svfprintf.o)
 .ARM.attributes
                0x00000774       0x29 c:/users/hikaru/mentorgraphics/sourcery_codebench_lite_for_arm_eabi/bin/../lib/gcc/arm-none-eabi/4.8.3/../../../../arm-none-eabi/lib/thumb2\libc.a(lib_a-dtoa.o)
 .ARM.attributes
                0x0000079d       0x29 c:/users/hikaru/mentorgraphics/sourcery_codebench_lite_for_arm_eabi/bin/../lib/gcc/arm-none-eabi/4.8.3/../../../../arm-none-eabi/lib/thumb2\libc.a(lib_a-impure.o)
 .ARM.attributes
                0x000007c6       0x29 c:/users/hikaru/mentorgraphics/sourcery_codebench_lite_for_arm_eabi/bin/../lib/gcc/arm-none-eabi/4.8.3/../../../../arm-none-eabi/lib/thumb2\libc.a(lib_a-locale.o)
 .ARM.attributes
                0x000007ef       0x29 c:/users/hikaru/mentorgraphics/sourcery_codebench_lite_for_arm_eabi/bin/../lib/gcc/arm-none-eabi/4.8.3/../../../../arm-none-eabi/lib/thumb2\libc.a(lib_a-malloc.o)
 .ARM.attributes
                0x00000818       0x29 c:/users/hikaru/mentorgraphics/sourcery_codebench_lite_for_arm_eabi/bin/../lib/gcc/arm-none-eabi/4.8.3/../../../../arm-none-eabi/lib/thumb2\libc.a(lib_a-mallocr.o)
 .ARM.attributes
                0x00000841       0x29 c:/users/hikaru/mentorgraphics/sourcery_codebench_lite_for_arm_eabi/bin/../lib/gcc/arm-none-eabi/4.8.3/../../../../arm-none-eabi/lib/thumb2\libc.a(lib_a-memchr-stub.o)
 .ARM.attributes
                0x0000086a       0x29 c:/users/hikaru/mentorgraphics/sourcery_codebench_lite_for_arm_eabi/bin/../lib/gcc/arm-none-eabi/4.8.3/../../../../arm-none-eabi/lib/thumb2\libc.a(lib_a-memcpy-stub.o)
 .ARM.attributes
                0x00000893       0x29 c:/users/hikaru/mentorgraphics/sourcery_codebench_lite_for_arm_eabi/bin/../lib/gcc/arm-none-eabi/4.8.3/../../../../arm-none-eabi/lib/thumb2\libc.a(lib_a-mlock.o)
 .ARM.attributes
                0x000008bc       0x29 c:/users/hikaru/mentorgraphics/sourcery_codebench_lite_for_arm_eabi/bin/../lib/gcc/arm-none-eabi/4.8.3/../../../../arm-none-eabi/lib/thumb2\libc.a(lib_a-mprec.o)
 .ARM.attributes
                0x000008e5       0x29 c:/users/hikaru/mentorgraphics/sourcery_codebench_lite_for_arm_eabi/bin/../lib/gcc/arm-none-eabi/4.8.3/../../../../arm-none-eabi/lib/thumb2\libc.a(lib_a-s_fpclassify.o)
 .ARM.attributes
                0x0000090e       0x29 c:/users/hikaru/mentorgraphics/sourcery_codebench_lite_for_arm_eabi/bin/../lib/gcc/arm-none-eabi/4.8.3/../../../../arm-none-eabi/lib/thumb2\libc.a(lib_a-sbrkr.o)
 .ARM.attributes
                0x00000937       0x17 c:/users/hikaru/mentorgraphics/sourcery_codebench_lite_for_arm_eabi/bin/../lib/gcc/arm-none-eabi/4.8.3/../../../../arm-none-eabi/lib/thumb2\libc.a(lib_a-strcmp.o)
 .ARM.attributes
                0x0000094e       0x29 c:/users/hikaru/mentorgraphics/sourcery_codebench_lite_for_arm_eabi/bin/../lib/gcc/arm-none-eabi/4.8.3/../../../../arm-none-eabi/lib/thumb2\libc.a(lib_a-strlen.o)
 .ARM.attributes
                0x00000977       0x29 c:/users/hikaru/mentorgraphics/sourcery_codebench_lite_for_arm_eabi/bin/../lib/gcc/arm-none-eabi/4.8.3/../../../../arm-none-eabi/lib/thumb2\libc.a(lib_a-svfiprintf.o)
 .ARM.attributes
                0x000009a0       0x29 c:/users/hikaru/mentorgraphics/sourcery_codebench_lite_for_arm_eabi/bin/../lib/gcc/arm-none-eabi/4.8.3/../../../../arm-none-eabi/lib/thumb2\libc.a(lib_a-callocr.o)
 .ARM.attributes
                0x000009c9       0x29 c:/users/hikaru/mentorgraphics/sourcery_codebench_lite_for_arm_eabi/bin/../lib/gcc/arm-none-eabi/4.8.3/../../../../arm-none-eabi/lib/thumb2\libc.a(lib_a-freer.o)
 .ARM.attributes
                0x000009f2       0x29 c:/users/hikaru/mentorgraphics/sourcery_codebench_lite_for_arm_eabi/bin/../lib/gcc/arm-none-eabi/4.8.3/../../../../arm-none-eabi/lib/thumb2\libc.a(lib_a-memmove.o)
 .ARM.attributes
                0x00000a1b       0x29 c:/users/hikaru/mentorgraphics/sourcery_codebench_lite_for_arm_eabi/bin/../lib/gcc/arm-none-eabi/4.8.3/../../../../arm-none-eabi/lib/thumb2\libc.a(lib_a-reallocr.o)
 .ARM.attributes
                0x00000a44       0x29 c:/users/hikaru/mentorgraphics/sourcery_codebench_lite_for_arm_eabi/bin/../lib/gcc/arm-none-eabi/4.8.3/../../../../arm-none-eabi/lib/thumb2\libc.a(lib_a-reent.o)
 .ARM.attributes
                0x00000a6d       0x19 c:/users/hikaru/mentorgraphics/sourcery_codebench_lite_for_arm_eabi/bin/../lib/gcc/arm-none-eabi/4.8.3/thumb2\libgcc.a(_udivsi3.o)
 .ARM.attributes
                0x00000a86       0x19 c:/users/hikaru/mentorgraphics/sourcery_codebench_lite_for_arm_eabi/bin/../lib/gcc/arm-none-eabi/4.8.3/thumb2\libgcc.a(_dvmd_tls.o)
 .ARM.attributes
                0x00000a9f       0x19 c:/users/hikaru/mentorgraphics/sourcery_codebench_lite_for_arm_eabi/bin/../lib/gcc/arm-none-eabi/4.8.3/thumb2\libgcc.a(_arm_addsubdf3.o)
 .ARM.attributes
                0x00000ab8       0x19 c:/users/hikaru/mentorgraphics/sourcery_codebench_lite_for_arm_eabi/bin/../lib/gcc/arm-none-eabi/4.8.3/thumb2\libgcc.a(_arm_muldivdf3.o)
 .ARM.attributes
                0x00000ad1       0x19 c:/users/hikaru/mentorgraphics/sourcery_codebench_lite_for_arm_eabi/bin/../lib/gcc/arm-none-eabi/4.8.3/thumb2\libgcc.a(_arm_cmpdf2.o)
 .ARM.attributes
                0x00000aea       0x19 c:/users/hikaru/mentorgraphics/sourcery_codebench_lite_for_arm_eabi/bin/../lib/gcc/arm-none-eabi/4.8.3/thumb2\libgcc.a(_arm_fixdfsi.o)
 .ARM.attributes
                0x00000b03       0x19 c:/users/hikaru/mentorgraphics/sourcery_codebench_lite_for_arm_eabi/bin/../lib/gcc/arm-none-eabi/4.8.3/thumb2\libgcc.a(_aeabi_uldivmod.o)
 .ARM.attributes
                0x00000b1c       0x29 c:/users/hikaru/mentorgraphics/sourcery_codebench_lite_for_arm_eabi/bin/../lib/gcc/arm-none-eabi/4.8.3/thumb2\libgcc.a(bpabi.o)
 .ARM.attributes
                0x00000b45       0x29 c:/users/hikaru/mentorgraphics/sourcery_codebench_lite_for_arm_eabi/bin/../lib/gcc/arm-none-eabi/4.8.3/thumb2\libgcc.a(_divdi3.o)
 .ARM.attributes
                0x00000b6e       0x29 c:/users/hikaru/mentorgraphics/sourcery_codebench_lite_for_arm_eabi/bin/../lib/gcc/arm-none-eabi/4.8.3/thumb2\libgcc.a(_udivdi3.o)

.debug_frame    0x00000000     0x4ce4
 .debug_frame   0x00000000      0x434 ..\obj\usb_core.o
 .debug_frame   0x00000434      0x344 ..\obj\stm32f4xx_sdio.o
 .debug_frame   0x00000778      0x110 ..\obj\i2c.o
 .debug_frame   0x00000888       0xbc ..\obj\usbd_usr.o
 .debug_frame   0x00000944      0x438 ..\obj\stm32f4_discovery_audio_codec.o
 .debug_frame   0x00000d7c      0x344 ..\obj\stm32f4xx_usart.o
 .debug_frame   0x000010c0      0x2d4 ..\obj\stm32f4xx_can.o
 .debug_frame   0x00001394      0x1ec ..\obj\stm32f4xx_dac.o
 .debug_frame   0x00001580       0x48 ..\obj\startup_stm32f4xx.o
 .debug_frame   0x000015c8      0x1ac ..\obj\usbd_core.o
 .debug_frame   0x00001774       0xa8 ..\obj\main.o
 .debug_frame   0x0000181c      0x4d8 ..\obj\stm32f4xx_rcc.o
 .debug_frame   0x00001cf4      0x1a0 ..\obj\stm32f4xx_it.o
 .debug_frame   0x00001e94       0x30 ..\obj\can.o
 .debug_frame   0x00001ec4       0xe8 ..\obj\usbd_desc.o
 .debug_frame   0x00001fac      0x63c ..\obj\stm32_ub_sdcard.o
 .debug_frame   0x000025e8      0x19c ..\obj\stm32f4xx_gpio.o
 .debug_frame   0x00002784      0x144 ..\obj\usbd_cdc_vcp.o
 .debug_frame   0x000028c8       0x64 ..\obj\system_stm32f4xx.o
 .debug_frame   0x0000292c      0x108 ..\obj\syscalls.o
 .debug_frame   0x00002a34      0x224 ..\obj\stm32f4xx_dma.o
 .debug_frame   0x00002c58       0x4c ..\obj\exti.o
 .debug_frame   0x00002ca4       0xc4 ..\obj\usb_bsp.o
 .debug_frame   0x00002d68      0x1c8 ..\obj\usbd_req.o
 .debug_frame   0x00002f30      0x1ac ..\obj\usb_dcd_int.o
 .debug_frame   0x000030dc       0x44 ..\obj\stm32f4_discovery_callbacks.o
 .debug_frame   0x00003120      0x12c ..\obj\usbd_cdc_core.o
 .debug_frame   0x0000324c      0x2d0 ..\obj\stm32f4xx_spi.o
 .debug_frame   0x0000351c       0xec ..\obj\stm32f4xx_exti.o
 .debug_frame   0x00003608       0x2c ..\obj\nvic.o
 .debug_frame   0x00003634       0x9c ..\obj\misc.o
 .debug_frame   0x000036d0      0x1ac ..\obj\usb_dcd.o
 .debug_frame   0x0000387c       0xec ..\obj\usbd_ioreq.o
 .debug_frame   0x00003968      0xa3c ..\obj\stm32f4xx_tim.o
 .debug_frame   0x000043a4      0x140 ..\obj\usart.o
 .debug_frame   0x000044e4       0x2c c:/users/hikaru/mentorgraphics/sourcery_codebench_lite_for_arm_eabi/bin/../lib/gcc/arm-none-eabi/4.8.3/../../../../arm-none-eabi/lib/thumb2\libc.a(lib_a-memset.o)
 .debug_frame   0x00004510       0x64 c:/users/hikaru/mentorgraphics/sourcery_codebench_lite_for_arm_eabi/bin/../lib/gcc/arm-none-eabi/4.8.3/../../../../arm-none-eabi/lib/thumb2\libc.a(lib_a-sprintf.o)
 .debug_frame   0x00004574       0x3c c:/users/hikaru/mentorgraphics/sourcery_codebench_lite_for_arm_eabi/bin/../lib/gcc/arm-none-eabi/4.8.3/../../../../arm-none-eabi/lib/thumb2\libc.a(lib_a-svfprintf.o)
 .debug_frame   0x000045b0       0x64 c:/users/hikaru/mentorgraphics/sourcery_codebench_lite_for_arm_eabi/bin/../lib/gcc/arm-none-eabi/4.8.3/../../../../arm-none-eabi/lib/thumb2\libc.a(lib_a-dtoa.o)
 .debug_frame   0x00004614       0x98 c:/users/hikaru/mentorgraphics/sourcery_codebench_lite_for_arm_eabi/bin/../lib/gcc/arm-none-eabi/4.8.3/../../../../arm-none-eabi/lib/thumb2\libc.a(lib_a-locale.o)
 .debug_frame   0x000046ac       0x30 c:/users/hikaru/mentorgraphics/sourcery_codebench_lite_for_arm_eabi/bin/../lib/gcc/arm-none-eabi/4.8.3/../../../../arm-none-eabi/lib/thumb2\libc.a(lib_a-malloc.o)
 .debug_frame   0x000046dc       0x38 c:/users/hikaru/mentorgraphics/sourcery_codebench_lite_for_arm_eabi/bin/../lib/gcc/arm-none-eabi/4.8.3/../../../../arm-none-eabi/lib/thumb2\libc.a(lib_a-mallocr.o)
 .debug_frame   0x00004714       0x2c c:/users/hikaru/mentorgraphics/sourcery_codebench_lite_for_arm_eabi/bin/../lib/gcc/arm-none-eabi/4.8.3/../../../../arm-none-eabi/lib/thumb2\libc.a(lib_a-memchr-stub.o)
 .debug_frame   0x00004740       0x2c c:/users/hikaru/mentorgraphics/sourcery_codebench_lite_for_arm_eabi/bin/../lib/gcc/arm-none-eabi/4.8.3/../../../../arm-none-eabi/lib/thumb2\libc.a(lib_a-memcpy-stub.o)
 .debug_frame   0x0000476c       0x30 c:/users/hikaru/mentorgraphics/sourcery_codebench_lite_for_arm_eabi/bin/../lib/gcc/arm-none-eabi/4.8.3/../../../../arm-none-eabi/lib/thumb2\libc.a(lib_a-mlock.o)
 .debug_frame   0x0000479c      0x244 c:/users/hikaru/mentorgraphics/sourcery_codebench_lite_for_arm_eabi/bin/../lib/gcc/arm-none-eabi/4.8.3/../../../../arm-none-eabi/lib/thumb2\libc.a(lib_a-mprec.o)
 .debug_frame   0x000049e0       0x20 c:/users/hikaru/mentorgraphics/sourcery_codebench_lite_for_arm_eabi/bin/../lib/gcc/arm-none-eabi/4.8.3/../../../../arm-none-eabi/lib/thumb2\libc.a(lib_a-s_fpclassify.o)
 .debug_frame   0x00004a00       0x2c c:/users/hikaru/mentorgraphics/sourcery_codebench_lite_for_arm_eabi/bin/../lib/gcc/arm-none-eabi/4.8.3/../../../../arm-none-eabi/lib/thumb2\libc.a(lib_a-sbrkr.o)
 .debug_frame   0x00004a2c       0x20 c:/users/hikaru/mentorgraphics/sourcery_codebench_lite_for_arm_eabi/bin/../lib/gcc/arm-none-eabi/4.8.3/../../../../arm-none-eabi/lib/thumb2\libc.a(lib_a-strlen.o)
 .debug_frame   0x00004a4c       0x64 c:/users/hikaru/mentorgraphics/sourcery_codebench_lite_for_arm_eabi/bin/../lib/gcc/arm-none-eabi/4.8.3/../../../../arm-none-eabi/lib/thumb2\libc.a(lib_a-svfiprintf.o)
 .debug_frame   0x00004ab0       0x28 c:/users/hikaru/mentorgraphics/sourcery_codebench_lite_for_arm_eabi/bin/../lib/gcc/arm-none-eabi/4.8.3/../../../../arm-none-eabi/lib/thumb2\libc.a(lib_a-callocr.o)
 .debug_frame   0x00004ad8       0x50 c:/users/hikaru/mentorgraphics/sourcery_codebench_lite_for_arm_eabi/bin/../lib/gcc/arm-none-eabi/4.8.3/../../../../arm-none-eabi/lib/thumb2\libc.a(lib_a-freer.o)
 .debug_frame   0x00004b28       0x2c c:/users/hikaru/mentorgraphics/sourcery_codebench_lite_for_arm_eabi/bin/../lib/gcc/arm-none-eabi/4.8.3/../../../../arm-none-eabi/lib/thumb2\libc.a(lib_a-memmove.o)
 .debug_frame   0x00004b54       0x38 c:/users/hikaru/mentorgraphics/sourcery_codebench_lite_for_arm_eabi/bin/../lib/gcc/arm-none-eabi/4.8.3/../../../../arm-none-eabi/lib/thumb2\libc.a(lib_a-reallocr.o)
 .debug_frame   0x00004b8c       0x48 c:/users/hikaru/mentorgraphics/sourcery_codebench_lite_for_arm_eabi/bin/../lib/gcc/arm-none-eabi/4.8.3/../../../../arm-none-eabi/lib/thumb2\libc.a(lib_a-reent.o)
 .debug_frame   0x00004bd4       0x20 c:/users/hikaru/mentorgraphics/sourcery_codebench_lite_for_arm_eabi/bin/../lib/gcc/arm-none-eabi/4.8.3/thumb2\libgcc.a(_udivsi3.o)
 .debug_frame   0x00004bf4       0x28 c:/users/hikaru/mentorgraphics/sourcery_codebench_lite_for_arm_eabi/bin/../lib/gcc/arm-none-eabi/4.8.3/thumb2\libgcc.a(_aeabi_uldivmod.o)
 .debug_frame   0x00004c1c       0x58 c:/users/hikaru/mentorgraphics/sourcery_codebench_lite_for_arm_eabi/bin/../lib/gcc/arm-none-eabi/4.8.3/thumb2\libgcc.a(bpabi.o)
 .debug_frame   0x00004c74       0x38 c:/users/hikaru/mentorgraphics/sourcery_codebench_lite_for_arm_eabi/bin/../lib/gcc/arm-none-eabi/4.8.3/thumb2\libgcc.a(_divdi3.o)
 .debug_frame   0x00004cac       0x38 c:/users/hikaru/mentorgraphics/sourcery_codebench_lite_for_arm_eabi/bin/../lib/gcc/arm-none-eabi/4.8.3/thumb2\libgcc.a(_udivdi3.o)
