Archive member included to satisfy reference by file (symbol)

c:/users/hikaru/mentorgraphics/sourcery_codebench_lite_for_arm_eabi/bin/../lib/gcc/arm-none-eabi/4.8.3/../../../../arm-none-eabi/lib/thumb2\libc.a(lib_a-memset.o)
                              ..\obj\main.o (memset)

Allocating common symbols
Common symbol       size              file

SDIO_CmdInitStructure
                    0x14              ..\obj\stm32_ub_sdcard.o
CurrentPos          0x4               ..\obj\stm32f4_discovery_audio_codec.o
USART3_TxBuffer     0xc8              ..\obj\usart.o
APP_Tx_Buffer       0x80              ..\obj\usbd_cdc_vcp.o
TIM4_over_flow      0x4               ..\obj\stm32f4xx_it.o
MASTER_SEND_STATE   0x1               ..\obj\main.o
ADCConvertedValue   0x10              ..\obj\adc.o
USART2_TxBuffer     0xc8              ..\obj\usart.o
TIM5_over_flow      0x4               ..\obj\stm32f4xx_it.o
TIM8_under_flow     0x4               ..\obj\stm32f4xx_it.o
TIM5_under_flow     0x4               ..\obj\stm32f4xx_it.o
TIM4_under_flow     0x4               ..\obj\stm32f4xx_it.o
SDCardInfo          0x58              ..\obj\stm32_ub_sdcard.o
SDIO_InitStructure  0x18              ..\obj\stm32_ub_sdcard.o
TIM8_over_flow      0x4               ..\obj\stm32f4xx_it.o
USART3_RxBuffer     0xc8              ..\obj\usart.o
usbd_cdc_OtherCfgDesc
                    0x43              ..\obj\usbd_cdc_core.o
SDIO_DataInitStructure
                    0x18              ..\obj\stm32_ub_sdcard.o
USART2_RxBuffer     0xc8              ..\obj\usart.o
APP_tx_ptr_tail     0x4               ..\obj\usbd_cdc_vcp.o
USB_Rx_Buffer       0x40              ..\obj\usbd_cdc_core.o
AUDIO_MAL_DMA_InitStructure
                    0x3c              ..\obj\stm32f4_discovery_audio_codec.o
USART1_RxBuffer     0xc8              ..\obj\usart.o
USART_InitStructure
                    0x10              ..\obj\usbd_cdc_vcp.o
CmdBuff             0x8               ..\obj\usbd_cdc_core.o
USB_OTG_dev         0x5f0             ..\obj\main.o
APP_Rx_Buffer       0x800             ..\obj\usbd_cdc_core.o
USART1_TxBuffer     0xc8              ..\obj\usart.o
NVIC_InitStructure  0x4               ..\obj\stm32f4_discovery.o
USBD_StrDesc        0x32              ..\obj\usbd_req.o
DMA_InitStructure   0x3c              ..\obj\stm32f4_discovery_audio_codec.o
APP_tx_ptr_head     0x4               ..\obj\usbd_cdc_vcp.o

Discarded input sections

 .text          0x00000000        0x0 ..\obj\stm32f4xx_syscfg.o
 .data          0x00000000        0x0 ..\obj\stm32f4xx_syscfg.o
 .bss           0x00000000        0x0 ..\obj\stm32f4xx_syscfg.o
 .text.SYSCFG_DeInit
                0x00000000       0x1c ..\obj\stm32f4xx_syscfg.o
 .text.SYSCFG_MemoryRemapConfig
                0x00000000       0x20 ..\obj\stm32f4xx_syscfg.o
 .text.SYSCFG_EXTILineConfig
                0x00000000       0x94 ..\obj\stm32f4xx_syscfg.o
 .text.SYSCFG_ETH_MediaInterfaceConfig
                0x00000000       0x1c ..\obj\stm32f4xx_syscfg.o
 .text.SYSCFG_CompensationCellCmd
                0x00000000       0x20 ..\obj\stm32f4xx_syscfg.o
 .text.SYSCFG_GetCompensationCellStatus
                0x00000000       0x34 ..\obj\stm32f4xx_syscfg.o
 .debug_info    0x00000000      0x24b ..\obj\stm32f4xx_syscfg.o
 .debug_abbrev  0x00000000      0x131 ..\obj\stm32f4xx_syscfg.o
 .debug_aranges
                0x00000000       0x48 ..\obj\stm32f4xx_syscfg.o
 .debug_ranges  0x00000000       0x38 ..\obj\stm32f4xx_syscfg.o
 .debug_line    0x00000000      0x1d8 ..\obj\stm32f4xx_syscfg.o
 .debug_str     0x00000000      0x2b4 ..\obj\stm32f4xx_syscfg.o
 .comment       0x00000000       0x47 ..\obj\stm32f4xx_syscfg.o
 .ARM.attributes
                0x00000000       0x33 ..\obj\stm32f4xx_syscfg.o
 .debug_frame   0x00000000       0xbc ..\obj\stm32f4xx_syscfg.o
 .text          0x00000000        0x0 ..\obj\usb_core.o
 .data          0x00000000        0x0 ..\obj\usb_core.o
 .bss           0x00000000        0x0 ..\obj\usb_core.o
 .text.USB_OTG_EnableCommonInt
                0x00000000       0x44 ..\obj\usb_core.o
 .text.USB_OTG_CoreReset
                0x00000000       0x94 ..\obj\usb_core.o
 .text.USB_OTG_SelectCore
                0x00000000      0x174 ..\obj\usb_core.o
 .text.USB_OTG_CoreInit
                0x00000000      0x1dc ..\obj\usb_core.o
 .text.USB_OTG_EnableGlobalInt
                0x00000000       0x38 ..\obj\usb_core.o
 .text.USB_OTG_DisableGlobalInt
                0x00000000       0x38 ..\obj\usb_core.o
 .text.USB_OTG_FlushRxFifo
                0x00000000       0x60 ..\obj\usb_core.o
 .text.USB_OTG_SetCurrentMode
                0x00000000       0x60 ..\obj\usb_core.o
 .text.USB_OTG_IsHostMode
                0x00000000       0x24 ..\obj\usb_core.o
 .text.USB_OTG_ReadOtgItr
                0x00000000       0x1c ..\obj\usb_core.o
 .text.USB_OTG_InitDevSpeed
                0x00000000       0x38 ..\obj\usb_core.o
 .text.USB_OTG_CoreInitDev
                0x00000000      0x27c ..\obj\usb_core.o
 .text.USB_OTG_EnableDevInt
[...]
Memory Configuration

Name             Origin             Length             Attributes
rom              0x08000000         0x00100000         xr
ram              0x20000000         0x00020000         xrw
ram1             0x10000000         0x00010000         xrw
*default*        0x00000000         0xffffffff

Linker script and memory map

                0x20020000                _eram = 0x20020000

.text           0x08000000     0x392c
 *(.isr_vector)
 .isr_vector    0x08000000      0x188 ..\obj\startup_stm32f4xx.o
                0x08000000                g_pfnVectors
 *(.text*)
 .text.USB_OTG_WritePacket
                0x08000188       0x70 ..\obj\usb_core.o
                0x08000188                USB_OTG_WritePacket
 .text.USB_OTG_ReadPacket
                0x080001f8       0x5c ..\obj\usb_core.o
                0x080001f8                USB_OTG_ReadPacket
 .text.USB_OTG_FlushTxFifo
                0x08000254       0x74 ..\obj\usb_core.o
                0x08000254                USB_OTG_FlushTxFifo
 .text.USB_OTG_GetMode
                0x080002c8       0x20 ..\obj\usb_core.o
                0x080002c8                USB_OTG_GetMode
 .text.USB_OTG_IsDeviceMode
                0x080002e8       0x24 ..\obj\usb_core.o
                0x080002e8                USB_OTG_IsDeviceMode
 .text.USB_OTG_ReadCoreItr
                0x0800030c       0x30 ..\obj\usb_core.o
                0x0800030c                USB_OTG_ReadCoreItr
 .text.USB_OTG_GetDeviceSpeed
                0x0800033c       0x48 ..\obj\usb_core.o
                0x0800033c                USB_OTG_GetDeviceSpeed
 .text.USB_OTG_EP0Activate
                0x08000384       0x78 ..\obj\usb_core.o
                0x08000384                USB_OTG_EP0Activate
 .text.USB_OTG_EPActivate
                0x080003fc       0xdc ..\obj\usb_core.o
                0x080003fc                USB_OTG_EPActivate
 .text.USB_OTG_EPStartXfer
                0x080004d8      0x280 ..\obj\usb_core.o
                0x080004d8                USB_OTG_EPStartXfer
 .text.USB_OTG_EP0StartXfer
                0x08000758      0x1d4 ..\obj\usb_core.o
                0x08000758                USB_OTG_EP0StartXfer
 .text.USB_OTG_EPSetStall
                0x0800092c       0x88 ..\obj\usb_core.o
                0x0800092c                USB_OTG_EPSetStall
 .text.USB_OTG_EPClearStall
                0x080009b4       0x78 ..\obj\usb_core.o
                0x080009b4                USB_OTG_EPClearStall
 .text.USB_OTG_ReadDevAllOutEp_itr
                0x08000a2c       0x2c ..\obj\usb_core.o
                0x08000a2c                USB_OTG_ReadDevAllOutEp_itr
 .text.USB_OTG_ReadDevOutEP_itr
                0x08000a58       0x38 ..\obj\usb_core.o
                0x08000a58                USB_OTG_ReadDevOutEP_itr
 .text.USB_OTG_ReadDevAllInEPItr
                0x08000a90       0x2c ..\obj\usb_core.o
                0x08000a90                USB_OTG_ReadDevAllInEPItr
 .text.USB_OTG_EP0_OutStart
                0x08000abc       0x70 ..\obj\usb_core.o
                0x08000abc                USB_OTG_EP0_OutStart
 .text.USB_OTG_UngateClock
                0x08000b2c       0x54 ..\obj\usb_core.o
                0x08000b2c                USB_OTG_UngateClock
 .text.SDIO_ITConfig
                0x08000b80       0x50 ..\obj\stm32f4xx_sdio.o
                0x08000b80                SDIO_ITConfig
 .text.SDIO_GetITStatus
                0x08000bd0       0x38 ..\obj\stm32f4xx_sdio.o
                0x08000bd0                SDIO_GetITStatus
 .text.SDIO_ClearITPendingBit
                0x08000c08       0x20 ..\obj\stm32f4xx_sdio.o
                0x08000c08                SDIO_ClearITPendingBit
 .text.Audio_MAL_IRQHandler
                0x08000c28      0x174 ..\obj\stm32f4_discovery_audio_codec.o
 .text.DMA1_Stream7_IRQHandler
                0x08000d9c        0xc ..\obj\stm32f4_discovery_audio_codec.o
                0x08000d9c                DMA1_Stream7_IRQHandler
 .text.DMA1_Stream0_IRQHandler
                0x08000da8        0xc ..\obj\stm32f4_discovery_audio_codec.o
                0x08000da8                DMA1_Stream0_IRQHandler
 .text.SPI3_IRQHandler
                0x08000db4       0x4c ..\obj\stm32f4_discovery_audio_codec.o
                0x08000db4                SPI3_IRQHandler
 .text.USART_SendData
                0x08000e00       0x24 ..\obj\stm32f4xx_usart.o
                0x08000e00                USART_SendData
 .text.USART_ReceiveData
                0x08000e24       0x20 ..\obj\stm32f4xx_usart.o
                0x08000e24                USART_ReceiveData
 .text.USART_ITConfig
                0x08000e44       0x90 ..\obj\stm32f4xx_usart.o
                0x08000e44                USART_ITConfig
 .text.USART_GetITStatus
                0x08000ed4       0xb0 ..\obj\stm32f4xx_usart.o
                0x08000ed4                USART_GetITStatus
 .text.DAC_SetChannel1Data
                0x08000f84       0x34 ..\obj\stm32f4xx_dac.o
                0x08000f84                DAC_SetChannel1Data
 .text.Default_Reset_Handler
                0x08000fb8       0x60 ..\obj\startup_stm32f4xx.o
                0x08000fb8                Default_Reset_Handler
                0x08000fb8                Reset_Handler
 .text.Default_Handler
                0x08001018        0x8 ..\obj\startup_stm32f4xx.o
                0x08001018                RTC_Alarm_IRQHandler
                0x08001018                HASH_RNG_IRQHandler
                0x08001018                EXTI2_IRQHandler
                0x08001018                TIM8_CC_IRQHandler
                0x08001018                TIM1_CC_IRQHandler
                0x08001018                DMA2_Stream5_IRQHandler
                0x08001018                DMA1_Stream5_IRQHandler
                0x08001018                PVD_IRQHandler
                0x08001018                TAMP_STAMP_IRQHandler
                0x08001018                CAN2_RX1_IRQHandler
                0x08001018                EXTI3_IRQHandler
                0x08001018                TIM8_TRG_COM_TIM14_IRQHandler
                0x08001018                TIM1_UP_TIM10_IRQHandler
                0x08001018                I2C3_ER_IRQHandler
                0x08001018                EXTI0_IRQHandler
                0x08001018                I2C2_EV_IRQHandler
                0x08001018                DMA1_Stream2_IRQHandler
                0x08001018                CAN1_RX0_IRQHandler
                0x08001018                FPU_IRQHandler
                0x08001018                OTG_HS_WKUP_IRQHandler
                0x08001018                CAN2_SCE_IRQHandler
                0x08001018                DMA2_Stream2_IRQHandler
                0x08001018                SPI1_IRQHandler
                0x08001018                TIM6_DAC_IRQHandler
                0x08001018                TIM1_BRK_TIM9_IRQHandler
                0x08001018                DCMI_IRQHandler
                0x08001018                CAN2_RX0_IRQHandler
                0x08001018                USART6_IRQHandler
                0x08001018                CRYP_IRQHandler
                0x08001018                CAN1_RX1_IRQHandler
                0x08001018                UART5_IRQHandler
                0x08001018                DMA2_Stream0_IRQHandler
                0x08001018                I2C1_EV_IRQHandler
                0x08001018                DMA1_Stream6_IRQHandler
                0x08001018                DMA1_Stream1_IRQHandler
                0x08001018                UART4_IRQHandler
                0x08001018                TIM3_IRQHandler
                0x08001018                RCC_IRQHandler
                0x08001018                TIM8_BRK_TIM12_IRQHandler
                0x08001018                EXTI15_10_IRQHandler
                0x08001018                ADC_IRQHandler
                0x08001018                TIM7_IRQHandler
                0x08001018                CAN2_TX_IRQHandler
                0x08001018                DMA2_Stream7_IRQHandler
                0x08001018                I2C3_EV_IRQHandler
                0x08001018                EXTI9_5_IRQHandler
                0x08001018                RTC_WKUP_IRQHandler
                0x08001018                ETH_WKUP_IRQHandler
                0x08001018                SPI2_IRQHandler
                0x08001018                OTG_HS_EP1_IN_IRQHandler
                0x08001018                CAN1_TX_IRQHandler
                0x08001018                EXTI4_IRQHandler
                0x08001018                FSMC_IRQHandler
                0x08001018                ETH_IRQHandler
                0x08001018                OTG_HS_EP1_OUT_IRQHandler
                0x08001018                WWDG_IRQHandler
                0x08001018                TIM2_IRQHandler
                0x08001018                TIM1_TRG_COM_TIM11_IRQHandler
                0x08001018                OTG_HS_IRQHandler
                0x08001018                EXTI1_IRQHandler
                0x08001018                I2C2_ER_IRQHandler
                0x08001018                DMA2_Stream1_IRQHandler
                0x08001018                CAN1_SCE_IRQHandler
                0x08001018                FLASH_IRQHandler
                0x08001018                DMA2_Stream4_IRQHandler
                0x08001018                DMA1_Stream4_IRQHandler
                0x08001018                I2C1_ER_IRQHandler
                0x08001018                DMA2_Stream6_IRQHandler
                0x08001018                DMA1_Stream3_IRQHandler
 .text.USBD_SetupStage
                0x08001020       0x6c ..\obj\usbd_core.o
 .text.USBD_DataOutStage
                0x0800108c       0xd0 ..\obj\usbd_core.o
 .text.USBD_DataInStage
                0x0800115c      0x104 ..\obj\usbd_core.o
 .text.USBD_Reset
                0x08001260       0x44 ..\obj\usbd_core.o
 .text.USBD_Resume
                0x080012a4       0x24 ..\obj\usbd_core.o
 .text.USBD_Suspend
                0x080012c8       0x24 ..\obj\usbd_core.o
 .text.USBD_SOF
                0x080012ec       0x2c ..\obj\usbd_core.o
 .text.USBD_SetCfg
                0x08001318       0x30 ..\obj\usbd_core.o
                0x08001318                USBD_SetCfg
 .text.USBD_ClrCfg
                0x08001348       0x28 ..\obj\usbd_core.o
                0x08001348                USBD_ClrCfg
 .text.USBD_IsoINIncomplete
                0x08001370       0x20 ..\obj\usbd_core.o
 .text.USBD_IsoOUTIncomplete
                0x08001390       0x20 ..\obj\usbd_core.o
 .text.main     0x080013b0       0x30 ..\obj\main.o
                0x080013b0                main
 .text.ColorfulRingOfDeath
                0x080013e0       0x54 ..\obj\stm32f4xx_it.o
                0x080013e0                ColorfulRingOfDeath
 .text.NMI_Handler
                0x08001434        0xc ..\obj\stm32f4xx_it.o
                0x08001434                NMI_Handler
 .text.HardFault_Handler
                0x08001440        0xc ..\obj\stm32f4xx_it.o
                0x08001440                HardFault_Handler
 .text.MemManage_Handler
                0x0800144c        0xc ..\obj\stm32f4xx_it.o
                0x0800144c                MemManage_Handler
 .text.BusFault_Handler
                0x08001458        0xc ..\obj\stm32f4xx_it.o
                0x08001458                BusFault_Handler
 .text.UsageFault_Handler
                0x08001464        0xc ..\obj\stm32f4xx_it.o
                0x08001464                UsageFault_Handler
 .text.SVC_Handler
                0x08001470        0xc ..\obj\stm32f4xx_it.o
                0x08001470                SVC_Handler
 .text.DebugMon_Handler
                0x0800147c        0xc ..\obj\stm32f4xx_it.o
                0x0800147c                DebugMon_Handler
 .text.PendSV_Handler
                0x08001488        0xc ..\obj\stm32f4xx_it.o
                0x08001488                PendSV_Handler
 .text.SysTick_Handler
                0x08001494       0x48 ..\obj\stm32f4xx_it.o
                0x08001494                SysTick_Handler
 .text.OTG_FS_IRQHandler
                0x080014dc       0x14 ..\obj\stm32f4xx_it.o
                0x080014dc                OTG_FS_IRQHandler
 .text.OTG_FS_WKUP_IRQHandler
                0x080014f0       0x44 ..\obj\stm32f4xx_it.o
                0x080014f0                OTG_FS_WKUP_IRQHandler
 .text.TIM4_IRQHandler
                0x08001534       0x6c ..\obj\stm32f4xx_it.o
                0x08001534                TIM4_IRQHandler
 .text.TIM5_IRQHandler
                0x080015a0       0x6c ..\obj\stm32f4xx_it.o
                0x080015a0                TIM5_IRQHandler
 .text.TIM8_UP_TIM13_IRQHandler
                0x0800160c       0x6c ..\obj\stm32f4xx_it.o
                0x0800160c                TIM8_UP_TIM13_IRQHandler
 .text.SD_ProcessIRQSrc
                0x08001678       0xf0 ..\obj\stm32_ub_sdcard.o
                0x08001678                SD_ProcessIRQSrc
 .text.SD_ProcessDMAIRQ
                0x08001768       0x34 ..\obj\stm32_ub_sdcard.o
                0x08001768                SD_ProcessDMAIRQ
 .text.SDIO_IRQHandler
                0x0800179c        0xc ..\obj\stm32_ub_sdcard.o
                0x0800179c                SDIO_IRQHandler
 .text.DMA2_Stream3_IRQHandler
                0x080017a8        0xc ..\obj\stm32_ub_sdcard.o
                0x080017a8                DMA2_Stream3_IRQHandler
 .text.SystemInit
                0x080017b4       0x90 ..\obj\system_stm32f4xx.o
                0x080017b4                SystemInit
 .text.SetSysClock
                0x08001844      0x17c ..\obj\system_stm32f4xx.o
 .text.DMA_Init
                0x080019c0       0xb0 ..\obj\stm32f4xx_dma.o
                0x080019c0                DMA_Init
 .text.DMA_Cmd  0x08001a70       0x38 ..\obj\stm32f4xx_dma.o
                0x08001a70                DMA_Cmd
 .text.DMA_GetCmdStatus
                0x08001aa8       0x30 ..\obj\stm32f4xx_dma.o
                0x08001aa8                DMA_GetCmdStatus
 .text.DMA_GetFlagStatus
                0x08001ad8       0x7c ..\obj\stm32f4xx_dma.o
                0x08001ad8                DMA_GetFlagStatus
 .text.DMA_ClearFlag
                0x08001b54       0x60 ..\obj\stm32f4xx_dma.o
                0x08001b54                DMA_ClearFlag
 .text.USB_OTG_BSP_uDelay
                0x08001bb4       0x4c ..\obj\usb_bsp.o
                0x08001bb4                USB_OTG_BSP_uDelay
 .text.USBD_StdDevReq
                0x08001c00       0xa0 ..\obj\usbd_req.o
                0x08001c00                USBD_StdDevReq
 .text.USBD_StdItfReq
                0x08001ca0       0x68 ..\obj\usbd_req.o
                0x08001ca0                USBD_StdItfReq
 .text.USBD_StdEPReq
                0x08001d08      0x1c8 ..\obj\usbd_req.o
                0x08001d08                USBD_StdEPReq
 .text.USBD_GetDescriptor
                0x08001ed0      0x1b8 ..\obj\usbd_req.o
 .text.USBD_SetAddress
                0x08002088       0x7c ..\obj\usbd_req.o
 .text.USBD_SetConfig
                0x08002104      0x130 ..\obj\usbd_req.o
 .text.USBD_GetConfig
                0x08002234       0x60 ..\obj\usbd_req.o
 .text.USBD_GetStatus
                0x08002294       0x5c ..\obj\usbd_req.o
 .text.USBD_SetFeature
                0x080022f0       0xcc ..\obj\usbd_req.o
 .text.USBD_ClrFeature
                0x080023bc       0x50 ..\obj\usbd_req.o
 .text.USBD_ParseSetupRequest
                0x0800240c       0x8c ..\obj\usbd_req.o
                0x0800240c                USBD_ParseSetupRequest
 .text.USBD_CtlError
                0x08002498       0x48 ..\obj\usbd_req.o
                0x08002498                USBD_CtlError
 .text.USBD_OTG_ISR_Handler
                0x080024e0      0x15c ..\obj\usb_dcd_int.o
                0x080024e0                USBD_OTG_ISR_Handler
 .text.DCD_HandleResume_ISR
                0x0800263c       0x80 ..\obj\usb_dcd_int.o
 .text.DCD_HandleUSBSuspend_ISR
                0x080026bc       0xa8 ..\obj\usb_dcd_int.o
 .text.DCD_HandleInEP_ISR
                0x08002764      0x1ec ..\obj\usb_dcd_int.o
 .text.DCD_HandleOutEP_ISR
                0x08002950      0x180 ..\obj\usb_dcd_int.o
 .text.DCD_HandleSof_ISR
                0x08002ad0       0x38 ..\obj\usb_dcd_int.o
 .text.DCD_HandleRxStatusQueueLevel_ISR
                0x08002b08      0x104 ..\obj\usb_dcd_int.o
 .text.DCD_WriteEmptyTxFifo
                0x08002c0c       0xe4 ..\obj\usb_dcd_int.o
 .text.DCD_HandleUsbReset_ISR
                0x08002cf0      0x144 ..\obj\usb_dcd_int.o
 .text.DCD_HandleEnumDone_ISR
                0x08002e34       0x78 ..\obj\usb_dcd_int.o
 .text.DCD_IsoINIncomplete_ISR
                0x08002eac       0x38 ..\obj\usb_dcd_int.o
 .text.DCD_IsoOUTIncomplete_ISR
                0x08002ee4       0x38 ..\obj\usb_dcd_int.o
 .text.DCD_ReadDevInEP
                0x08002f1c       0x50 ..\obj\usb_dcd_int.o
 .text.EVAL_AUDIO_TransferComplete_CallBack
                0x08002f6c       0x14 ..\obj\stm32f4_discovery_callbacks.o
                0x08002f6c                EVAL_AUDIO_TransferComplete_CallBack
 .text.EVAL_AUDIO_GetSampleCallBack
                0x08002f80       0x10 ..\obj\stm32f4_discovery_callbacks.o
                0x08002f80                EVAL_AUDIO_GetSampleCallBack
 .text.SPI_I2S_SendData
                0x08002f90       0x1c ..\obj\stm32f4xx_spi.o
                0x08002f90                SPI_I2S_SendData
 .text.SPI_I2S_GetFlagStatus
                0x08002fac       0x38 ..\obj\stm32f4xx_spi.o
                0x08002fac                SPI_I2S_GetFlagStatus
 .text.EXTI_ClearITPendingBit
                0x08002fe4       0x20 ..\obj\stm32f4xx_exti.o
                0x08002fe4                EXTI_ClearITPendingBit
 .text.DCD_EP_Open
                0x08003004       0x9c ..\obj\usb_dcd.o
                0x08003004                DCD_EP_Open
 .text.DCD_EP_PrepareRx
                0x080030a0       0x80 ..\obj\usb_dcd.o
                0x080030a0                DCD_EP_PrepareRx
 .text.DCD_EP_Tx
                0x08003120       0x78 ..\obj\usb_dcd.o
                0x08003120                DCD_EP_Tx
 .text.DCD_EP_Stall
                0x08003198       0x74 ..\obj\usb_dcd.o
                0x08003198                DCD_EP_Stall
 .text.DCD_EP_ClrStall
                0x0800320c       0x74 ..\obj\usb_dcd.o
                0x0800320c                DCD_EP_ClrStall
 .text.DCD_EP_SetAddress
                0x08003280       0x3c ..\obj\usb_dcd.o
                0x08003280                DCD_EP_SetAddress
 .text.USBD_CtlSendData
                0x080032bc       0x40 ..\obj\usbd_ioreq.o
                0x080032bc                USBD_CtlSendData
 .text.USBD_CtlContinueSendData
                0x080032fc       0x28 ..\obj\usbd_ioreq.o
                0x080032fc                USBD_CtlContinueSendData
 .text.USBD_CtlContinueRx
                0x08003324       0x28 ..\obj\usbd_ioreq.o
                0x08003324                USBD_CtlContinueRx
 .text.USBD_CtlSendStatus
                0x0800334c       0x30 ..\obj\usbd_ioreq.o
                0x0800334c                USBD_CtlSendStatus
 .text.USBD_CtlReceiveStatus
                0x0800337c       0x30 ..\obj\usbd_ioreq.o
                0x0800337c                USBD_CtlReceiveStatus
 .text.TIM_ClearFlag
                0x080033ac       0x20 ..\obj\stm32f4xx_tim.o
                0x080033ac                TIM_ClearFlag
 .text.TIM_GetITStatus
                0x080033cc       0x54 ..\obj\stm32f4xx_tim.o
                0x080033cc                TIM_GetITStatus
 .text.transmit_uart1_c
                0x08003420       0x88 ..\obj\usart.o
                0x08003420                transmit_uart1_c
 .text.transmit_uart1_s
                0x080034a8       0x88 ..\obj\usart.o
                0x080034a8                transmit_uart1_s
 .text.transmit_uart2_c
                0x08003530       0x88 ..\obj\usart.o
                0x08003530                transmit_uart2_c
 .text.transmit_uart3_c
                0x080035b8       0x88 ..\obj\usart.o
                0x080035b8                transmit_uart3_c
 .text.USART1_IRQHandler
                0x08003640       0xc4 ..\obj\usart.o
                0x08003640                USART1_IRQHandler
 .text.USART2_IRQHandler
                0x08003704       0xc4 ..\obj\usart.o
                0x08003704                USART2_IRQHandler
 .text.USART3_IRQHandler
                0x080037c8       0xc4 ..\obj\usart.o
                0x080037c8                USART3_IRQHandler
 .text          0x0800388c       0xa0 c:/users/hikaru/mentorgraphics/sourcery_codebench_lite_for_arm_eabi/bin/../lib/gcc/arm-none-eabi/4.8.3/../../../../arm-none-eabi/lib/thumb2\libc.a(lib_a-memset.o)
                0x0800388c                memset
 *(.init)
 *(.fini)
 *crtbegin.o(.ctors)
 *crtbegin?.o(.ctors)
 *(EXCLUDE_FILE(*crtend.o *crtend?.o) .ctors)
 *(SORT(.ctors.*))
 *(.ctors)
 *crtbegin.o(.dtors)
 *crtbegin?.o(.dtors)
 *(EXCLUDE_FILE(*crtend.o *crtend?.o) .dtors)
 *(SORT(.dtors.*))
 *(.dtors)
 *(.rodata*)
 *(.eh_fram e*)

.glue_7         0x0800392c        0x0
 .glue_7        0x00000000        0x0 linker stubs

.glue_7t        0x0800392c        0x0
 .glue_7t       0x00000000        0x0 linker stubs

.vfp11_veneer   0x0800392c        0x0
 .vfp11_veneer  0x00000000        0x0 linker stubs

.v4_bx          0x0800392c        0x0
 .v4_bx         0x00000000        0x0 linker stubs

.iplt           0x0800392c        0x0
 .iplt          0x00000000        0x0 ..\obj\stm32f4xx_syscfg.o

.rel.dyn        0x0800392c        0x0
 .rel.iplt      0x00000000        0x0 ..\obj\stm32f4xx_syscfg.o

.ARM.extab
 *(.ARM.extab* .gnu.linkonce.armextab.*)
                0x0800392c                __exidx_start = .

.ARM.exidx
 *(.ARM.exidx* .gnu.linkonce.armexidx.*)
                0x0800392c                __exidx_end = .
                0x0800392c                __etext = .
                0x0800392c                _sidata = __etext

.data           0x20000000       0x7c load address 0x0800392c
                0x20000000                __data_start__ = .
                0x20000000                _sdata = __data_start__
 *(vtable)
 *(.data*)
 .data          0x20000000       0x34 ..\obj\stm32f4_discovery_audio_codec.o
                0x20000000                AudioTotalSize
                0x20000004                AudioRemSize
                0x20000008                CODECTimeout
                0x2000000c                CurrAudioInterface
                0x20000010                AUDIO_MAL_DMA_CLOCK
                0x20000014                AUDIO_MAL_DMA_STREAM
                0x20000018                AUDIO_MAL_DMA_DREG
                0x2000001c                AUDIO_MAL_DMA_IRQ
                0x20000020                AUDIO_MAL_DMA_FLAG_TC
                0x20000024                AUDIO_MAL_DMA_FLAG_HT
                0x20000028                AUDIO_MAL_DMA_FLAG_FE
                0x2000002c                AUDIO_MAL_DMA_FLAG_TE
                0x20000030                AUDIO_MAL_DMA_FLAG_DME
 .data          0x20000034       0x30 ..\obj\usbd_core.o
                0x20000034                USBD_DCD_INT_cb
                0x20000060                USBD_DCD_INT_fops
 .data          0x20000064       0x18 ..\obj\usart.o
                0x20000064                USART1_TxPtrEnd
                0x20000068                USART1_RxPtrEnd
                0x2000006c                USART2_TxPtrEnd
                0x20000070                USART2_RxPtrEnd
                0x20000074                USART3_TxPtrEnd
                0x20000078                USART3_RxPtrEnd
                0x2000007c                . = ALIGN (0x4)
                0x2000007c                PROVIDE (__preinit_array_start, .)
 *(.preinit_array)
                0x2000007c                PROVIDE (__preinit_array_end, .)
                0x2000007c                . = ALIGN (0x4)
                0x2000007c                PROVIDE (__init_array_start, .)
 *(SORT(.init_array.*))
 *(.init_array)
                0x2000007c                PROVIDE (__init_array_end, .)
                0x2000007c                . = ALIGN (0x4)
                0x2000007c                PROVIDE (__fini_array_start, .)
 *(SORT(.fini_array.*))
 *(.fini_array)
                0x2000007c                PROVIDE (__fini_array_end, .)
 *(.jcr*)
                0x2000007c                . = ALIGN (0x4)
                0x2000007c                __data_end__ = .
                0x2000007c                _edata = __data_end__

.igot.plt       0x2000007c        0x0 load address 0x080039a8
 .igot.plt      0x00000000        0x0 ..\obj\stm32f4xx_syscfg.o

.bss            0x2000007c      0xbb0 load address 0x080039a8
                0x2000007c                . = ALIGN (0x4)
                0x2000007c                __bss_start__ = .
                0x2000007c                _sbss = __bss_start__
 *(.bss*)
 .bss           0x2000007c        0x8 ..\obj\stm32f4xx_it.o
                0x2000007c                Ticker
                0x20000080                downTicker
 .bss           0x20000084       0x48 ..\obj\stm32_ub_sdcard.o
                0x200000bc                StopCondition
                0x200000c0                TransferError
                0x200000c4                TransferEnd
                0x200000c8                DMAEndOfTransfer
 .bss           0x200000cc       0x10 ..\obj\usbd_req.o
                0x200000cc                USBD_ep_status
                0x200000d0                USBD_default_cfg
                0x200000d4                USBD_cfg_status
 .bss           0x200000dc       0x18 ..\obj\usart.o
                0x200000dc                USART1_TxPtrNow
                0x200000e0                USART1_RxPtrNow
                0x200000e4                USART2_TxPtrNow
                0x200000e8                USART2_RxPtrNow
                0x200000ec                USART3_TxPtrNow
                0x200000f0                USART3_RxPtrNow
 *(COMMON)
 COMMON         0x200000f4       0x7c ..\obj\stm32f4_discovery_audio_codec.o
                0x200000f4                CurrentPos
                0x200000f8                AUDIO_MAL_DMA_InitStructure
                0x20000134                DMA_InitStructure
 COMMON         0x20000170      0x5f4 ..\obj\main.o
                0x20000170                MASTER_SEND_STATE
                0x20000174                USB_OTG_dev
 COMMON         0x20000764       0x18 ..\obj\stm32f4xx_it.o
                0x20000764                TIM4_over_flow
                0x20000768                TIM5_over_flow
                0x2000076c                TIM8_under_flow
                0x20000770                TIM5_under_flow
                0x20000774                TIM4_under_flow
                0x20000778                TIM8_over_flow
 COMMON         0x2000077c      0x4b0 ..\obj\usart.o
                0x2000077c                USART3_TxBuffer
                0x20000844                USART2_TxBuffer
                0x2000090c                USART3_RxBuffer
                0x200009d4                USART2_RxBuffer
                0x20000a9c                USART1_RxBuffer
                0x20000b64                USART1_TxBuffer
                0x20000c2c                . = ALIGN (0x4)
                0x20000c2c                __bss_end__ = .
                0x20000c2c                _ebss = __bss_end__

.heap           0x20000c2c        0x0
                0x20000c2c                __end__ = .
                0x20000c2c                _end = __end__
                0x20000c2c                end = __end__
 *(.heap*)
                0x20000c2c                __HeapLimit = .

.co_stack       0x20000c2c      0x804 load address 0x08004558
                0x20000c30                . = ALIGN (0x8)
 *fill*         0x20000c2c        0x4 
 *(.co_stack .co_stack.*)
 .co_stack      0x20000c30      0x800 ..\obj\startup_stm32f4xx.o
                0x20000c30                pulStack
                0x20020000                __StackTop = (ORIGIN (ram) + 0x20000)
                0x2001f7fc                __StackLimit = (__StackTop - SIZEOF (.co_stack))
                0x20020000                PROVIDE (__stack, __StackTop)
                0x00000001                ASSERT ((__StackLimit >= __HeapLimit), region ram  overflowed with stack)
LOAD ..\obj\stm32f4xx_syscfg.o
LOAD ..\obj\usb_core.o
LOAD ..\obj\stm32f4xx_sdio.o
LOAD ..\obj\i2c.o
LOAD ..\obj\usbd_usr.o
LOAD ..\obj\stm32f4_discovery_audio_codec.o
LOAD ..\obj\stm32f4xx_usart.o
LOAD ..\obj\stm32f4xx_can.o
LOAD ..\obj\stm32f4xx_dac.o
LOAD ..\obj\tim_encoder.o
LOAD ..\obj\diskio.o
LOAD ..\obj\startup_stm32f4xx.o
LOAD ..\obj\stm32f4_discovery.o
LOAD ..\obj\usbd_core.o
LOAD ..\obj\main.o
LOAD ..\obj\stm32_ub_fatfs.o
LOAD ..\obj\stm32f4xx_rcc.o
LOAD ..\obj\stm32f4xx_it.o
LOAD ..\obj\stm32f4xx_adc.o
LOAD ..\obj\usbd_desc.o
LOAD ..\obj\tim_pwm.o
LOAD ..\obj\stm32_ub_sdcard.o
LOAD ..\obj\stm32f4xx_gpio.o
LOAD ..\obj\stm32_ub_usbdisk.o
LOAD ..\obj\usbd_cdc_vcp.o
LOAD ..\obj\system_stm32f4xx.o
LOAD ..\obj\syscalls.o
LOAD ..\obj\stm32f4xx_dma.o
LOAD ..\obj\adc.o
LOAD ..\obj\usb_bsp.o
LOAD ..\obj\usbd_req.o
LOAD ..\obj\usb_dcd_int.o
LOAD ..\obj\stm32f4_discovery_callbacks.o
LOAD ..\obj\usbd_cdc_core.o
LOAD ..\obj\stm32_ub_atadrive.o
LOAD ..\obj\ff.o
LOAD ..\obj\stm32f4xx_spi.o
LOAD ..\obj\stm32f4xx_i2c.o
LOAD ..\obj\stm32f4xx_exti.o
LOAD ..\obj\misc.o
LOAD ..\obj\usb_dcd.o
LOAD ..\obj\stm32f4_discovery_lis302dl.o
LOAD ..\obj\usbd_ioreq.o
LOAD ..\obj\stm32f4xx_tim.o
LOAD ..\obj\usart.o
LOAD ..\..\..\STM32F4-Discovery\libpdmfilter_gcc.a
START GROUP
LOAD c:/users/hikaru/mentorgraphics/sourcery_codebench_lite_for_arm_eabi/bin/../lib/gcc/arm-none-eabi/4.8.3/thumb2\libgcc.a
LOAD c:/users/hikaru/mentorgraphics/sourcery_codebench_lite_for_arm_eabi/bin/../lib/gcc/arm-none-eabi/4.8.3/../../../../arm-none-eabi/lib/thumb2\libc.a
END GROUP
OUTPUT(stm32f4_2LayerBoard.elf elf32-littlearm)

.debug_info     0x00000000    0x12b61
 .debug_info    0x00000000     0x24ef ..\obj\usb_core.o
 .debug_info    0x000024ef      0x7d4 ..\obj\stm32f4xx_sdio.o
 .debug_info    0x00002cc3     0x1044 ..\obj\stm32f4_discovery_audio_codec.o
 .debug_info    0x00003d07      0x996 ..\obj\stm32f4xx_usart.o
 .debug_info    0x0000469d      0x60e ..\obj\stm32f4xx_dac.o
 .debug_info    0x00004cab       0xed ..\obj\startup_stm32f4xx.o
 .debug_info    0x00004d98      0xe69 ..\obj\usbd_core.o
 .debug_info    0x00005c01      0xb0d ..\obj\main.o
 .debug_info    0x0000670e      0xeee ..\obj\stm32f4xx_it.o
 .debug_info    0x000075fc     0x1b3f ..\obj\stm32_ub_sdcard.o
 .debug_info    0x0000913b      0x566 ..\obj\system_stm32f4xx.o
 .debug_info    0x000096a1      0x718 ..\obj\stm32f4xx_dma.o
 .debug_info    0x00009db9      0xfd8 ..\obj\usb_bsp.o
 .debug_info    0x0000ad91      0xf6f ..\obj\usbd_req.o
 .debug_info    0x0000bd00     0x1d41 ..\obj\usb_dcd_int.o
 .debug_info    0x0000da41       0xe8 ..\obj\stm32f4_discovery_callbacks.o
 .debug_info    0x0000db29      0xadb ..\obj\stm32f4xx_spi.o
 .debug_info    0x0000e604      0x331 ..\obj\stm32f4xx_exti.o
 .debug_info    0x0000e935      0xff3 ..\obj\usb_dcd.o
 .debug_info    0x0000f928      0xc8b ..\obj\usbd_ioreq.o
 .debug_info    0x000105b3     0x1c35 ..\obj\stm32f4xx_tim.o
 .debug_info    0x000121e8      0x979 ..\obj\usart.o

.debug_abbrev   0x00000000     0x26c3
 .debug_abbrev  0x00000000      0x2e7 ..\obj\usb_core.o
 .debug_abbrev  0x000002e7      0x177 ..\obj\stm32f4xx_sdio.o
 .debug_abbrev  0x0000045e      0x256 ..\obj\stm32f4_discovery_audio_codec.o
 .debug_abbrev  0x000006b4      0x155 ..\obj\stm32f4xx_usart.o
 .debug_abbrev  0x00000809      0x17c ..\obj\stm32f4xx_dac.o
 .debug_abbrev  0x00000985       0xb0 ..\obj\startup_stm32f4xx.o
 .debug_abbrev  0x00000a35      0x21d ..\obj\usbd_core.o
 .debug_abbrev  0x00000c52      0x199 ..\obj\main.o
 .debug_abbrev  0x00000deb      0x21b ..\obj\stm32f4xx_it.o
 .debug_abbrev  0x00001006      0x283 ..\obj\stm32_ub_sdcard.o
 .debug_abbrev  0x00001289      0x136 ..\obj\system_stm32f4xx.o
 .debug_abbrev  0x000013bf      0x155 ..\obj\stm32f4xx_dma.o
 .debug_abbrev  0x00001514      0x22b ..\obj\usb_bsp.o
 .debug_abbrev  0x0000173f      0x293 ..\obj\usbd_req.o
 .debug_abbrev  0x000019d2      0x25b ..\obj\usb_dcd_int.o
 .debug_abbrev  0x00001c2d       0x90 ..\obj\stm32f4_discovery_callbacks.o
 .debug_abbrev  0x00001cbd      0x167 ..\obj\stm32f4xx_spi.o
 .debug_abbrev  0x00001e24      0x1a5 ..\obj\stm32f4xx_exti.o
 .debug_abbrev  0x00001fc9      0x259 ..\obj\usb_dcd.o
 .debug_abbrev  0x00002222      0x1af ..\obj\usbd_ioreq.o
 .debug_abbrev  0x000023d1      0x187 ..\obj\stm32f4xx_tim.o
 .debug_abbrev  0x00002558      0x16b ..\obj\usart.o

.debug_aranges  0x00000000      0xfe0
 .debug_aranges
                0x00000000      0x138 ..\obj\usb_core.o
 .debug_aranges
                0x00000138      0x108 ..\obj\stm32f4xx_sdio.o
 .debug_aranges
                0x00000240      0x130 ..\obj\stm32f4_discovery_audio_codec.o
 .debug_aranges
                0x00000370      0x100 ..\obj\stm32f4xx_usart.o
 .debug_aranges
                0x00000470       0xa0 ..\obj\stm32f4xx_dac.o
 .debug_aranges
                0x00000510       0x28 ..\obj\startup_stm32f4xx.o
 .debug_aranges
                0x00000538       0x80 ..\obj\usbd_core.o
 .debug_aranges
                0x000005b8       0x20 ..\obj\main.o
 .debug_aranges
                0x000005d8       0x90 ..\obj\stm32f4xx_it.o
 .debug_aranges
                0x00000668      0x1a8 ..\obj\stm32_ub_sdcard.o
 .debug_aranges
                0x00000810       0x30 ..\obj\system_stm32f4xx.o
 .debug_aranges
                0x00000840       0xb0 ..\obj\stm32f4xx_dma.o
 .debug_aranges
                0x000008f0       0x48 ..\obj\usb_bsp.o
 .debug_aranges
                0x00000938       0x88 ..\obj\usbd_req.o
 .debug_aranges
                0x000009c0       0x80 ..\obj\usb_dcd_int.o
 .debug_aranges
                0x00000a40       0x28 ..\obj\stm32f4_discovery_callbacks.o
 .debug_aranges
                0x00000a68       0xe0 ..\obj\stm32f4xx_spi.o
 .debug_aranges
                0x00000b48       0x58 ..\obj\stm32f4xx_exti.o
 .debug_aranges
                0x00000ba0       0x80 ..\obj\usb_dcd.o
 .debug_aranges
                0x00000c20       0x50 ..\obj\usbd_ioreq.o
 .debug_aranges
                0x00000c70      0x2f8 ..\obj\stm32f4xx_tim.o
 .debug_aranges
                0x00000f68       0x78 ..\obj\usart.o

.debug_ranges   0x00000000      0xe80
 .debug_ranges  0x00000000      0x128 ..\obj\usb_core.o
 .debug_ranges  0x00000128       0xf8 ..\obj\stm32f4xx_sdio.o
 .debug_ranges  0x00000220      0x120 ..\obj\stm32f4_discovery_audio_codec.o
 .debug_ranges  0x00000340       0xf0 ..\obj\stm32f4xx_usart.o
 .debug_ranges  0x00000430       0x90 ..\obj\stm32f4xx_dac.o
 .debug_ranges  0x000004c0       0x18 ..\obj\startup_stm32f4xx.o
 .debug_ranges  0x000004d8       0x70 ..\obj\usbd_core.o
 .debug_ranges  0x00000548       0x10 ..\obj\main.o
 .debug_ranges  0x00000558       0x80 ..\obj\stm32f4xx_it.o
 .debug_ranges  0x000005d8      0x198 ..\obj\stm32_ub_sdcard.o
 .debug_ranges  0x00000770       0x20 ..\obj\system_stm32f4xx.o
 .debug_ranges  0x00000790       0xa0 ..\obj\stm32f4xx_dma.o
 .debug_ranges  0x00000830       0x38 ..\obj\usb_bsp.o
 .debug_ranges  0x00000868       0x78 ..\obj\usbd_req.o
 .debug_ranges  0x000008e0       0x70 ..\obj\usb_dcd_int.o
 .debug_ranges  0x00000950       0x18 ..\obj\stm32f4_discovery_callbacks.o
 .debug_ranges  0x00000968       0xd0 ..\obj\stm32f4xx_spi.o
 .debug_ranges  0x00000a38       0x48 ..\obj\stm32f4xx_exti.o
 .debug_ranges  0x00000a80       0x70 ..\obj\usb_dcd.o
 .debug_ranges  0x00000af0       0x40 ..\obj\usbd_ioreq.o
 .debug_ranges  0x00000b30      0x2e8 ..\obj\stm32f4xx_tim.o
 .debug_ranges  0x00000e18       0x68 ..\obj\usart.o

.debug_line     0x00000000     0x55c5
 .debug_line    0x00000000      0x679 ..\obj\usb_core.o
 .debug_line    0x00000679      0x40b ..\obj\stm32f4xx_sdio.o
 .debug_line    0x00000a84      0x6d3 ..\obj\stm32f4_discovery_audio_codec.o
 .debug_line    0x00001157      0x46a ..\obj\stm32f4xx_usart.o
 .debug_line    0x000015c1      0x323 ..\obj\stm32f4xx_dac.o
 .debug_line    0x000018e4       0xa7 ..\obj\startup_stm32f4xx.o
 .debug_line    0x0000198b      0x2f5 ..\obj\usbd_core.o
 .debug_line    0x00001c80      0x174 ..\obj\main.o
 .debug_line    0x00001df4      0x2cd ..\obj\stm32f4xx_it.o
 .debug_line    0x000020c1      0xbd6 ..\obj\stm32_ub_sdcard.o
 .debug_line    0x00002c97      0x1a4 ..\obj\system_stm32f4xx.o
 .debug_line    0x00002e3b      0x3a3 ..\obj\stm32f4xx_dma.o
 .debug_line    0x000031de      0x293 ..\obj\usb_bsp.o
 .debug_line    0x00003471      0x3a5 ..\obj\usbd_req.o
 .debug_line    0x00003816      0x35c ..\obj\usb_dcd_int.o
 .debug_line    0x00003b72      0x131 ..\obj\stm32f4_discovery_callbacks.o
 .debug_line    0x00003ca3      0x419 ..\obj\stm32f4xx_spi.o
 .debug_line    0x000040bc      0x26c ..\obj\stm32f4xx_exti.o
 .debug_line    0x00004328      0x2e4 ..\obj\usb_dcd.o
 .debug_line    0x0000460c      0x209 ..\obj\usbd_ioreq.o
 .debug_line    0x00004815      0xa2c ..\obj\stm32f4xx_tim.o
 .debug_line    0x00005241      0x384 ..\obj\usart.o

.debug_str      0x00000000     0x5d94
 .debug_str     0x00000000     0x1373 ..\obj\usb_core.o
                               0x1640 (size before relaxing)
 .debug_str     0x00001373      0x4d4 ..\obj\stm32f4xx_sdio.o
                                0x600 (size before relaxing)
 .debug_str     0x00001847      0xe9a ..\obj\stm32f4_discovery_audio_codec.o
                               0x1027 (size before relaxing)
 .debug_str     0x000026e1      0x48f ..\obj\stm32f4xx_usart.o
                                0x644 (size before relaxing)
 .debug_str     0x00002b70      0x240 ..\obj\stm32f4xx_dac.o
                                0x408 (size before relaxing)
 .debug_str     0x00002db0       0xb6 ..\obj\startup_stm32f4xx.o
                                0x126 (size before relaxing)
 .debug_str     0x00002e66      0x194 ..\obj\usbd_core.o
                                0xa86 (size before relaxing)
 .debug_str     0x00002ffa      0x106 ..\obj\main.o
                                0x97a (size before relaxing)
 .debug_str     0x00003100      0x246 ..\obj\stm32f4xx_it.o
                                0xb65 (size before relaxing)
 .debug_str     0x00003346      0xc9c ..\obj\stm32_ub_sdcard.o
                               0x1843 (size before relaxing)
 .debug_str     0x00003fe2      0x1f8 ..\obj\system_stm32f4xx.o
                                0x35f (size before relaxing)
 .debug_str     0x000041da      0x245 ..\obj\stm32f4xx_dma.o
                                0x501 (size before relaxing)
 .debug_str     0x0000441f       0xd1 ..\obj\usb_bsp.o
                               0x1087 (size before relaxing)
 .debug_str     0x000044f0      0x18c ..\obj\usbd_req.o
                                0xab1 (size before relaxing)
 .debug_str     0x0000467c      0x27a ..\obj\usb_dcd_int.o
                               0x123e (size before relaxing)
 .debug_str     0x000048f6       0x8e ..\obj\stm32f4_discovery_callbacks.o
                                0x1a4 (size before relaxing)
 .debug_str     0x00004984      0x31e ..\obj\stm32f4xx_spi.o
                                0x63f (size before relaxing)
 .debug_str     0x00004ca2      0x1d3 ..\obj\stm32f4xx_exti.o
                                0x323 (size before relaxing)
 .debug_str     0x00004e75      0x115 ..\obj\usb_dcd.o
                                0xae0 (size before relaxing)
 .debug_str     0x00004f8a       0xd0 ..\obj\usbd_ioreq.o
                                0x970 (size before relaxing)
 .debug_str     0x0000505a      0xaf5 ..\obj\stm32f4xx_tim.o
                                0xd85 (size before relaxing)
 .debug_str     0x00005b4f      0x245 ..\obj\usart.o
                                0xbb6 (size before relaxing)

.comment        0x00000000       0x46
 .comment       0x00000000       0x46 ..\obj\usb_core.o
                                 0x47 (size before relaxing)
 .comment       0x00000000       0x47 ..\obj\stm32f4xx_sdio.o
 .comment       0x00000000       0x47 ..\obj\stm32f4_discovery_audio_codec.o
 .comment       0x00000000       0x47 ..\obj\stm32f4xx_usart.o
 .comment       0x00000000       0x47 ..\obj\stm32f4xx_dac.o
 .comment       0x00000000       0x47 ..\obj\startup_stm32f4xx.o
 .comment       0x00000000       0x47 ..\obj\usbd_core.o
 .comment       0x00000000       0x47 ..\obj\main.o
 .comment       0x00000000       0x47 ..\obj\stm32f4xx_it.o
 .comment       0x00000000       0x47 ..\obj\stm32_ub_sdcard.o
 .comment       0x00000000       0x47 ..\obj\system_stm32f4xx.o
 .comment       0x00000000       0x47 ..\obj\stm32f4xx_dma.o
 .comment       0x00000000       0x47 ..\obj\usb_bsp.o
 .comment       0x00000000       0x47 ..\obj\usbd_req.o
 .comment       0x00000000       0x47 ..\obj\usb_dcd_int.o
 .comment       0x00000000       0x47 ..\obj\stm32f4_discovery_callbacks.o
 .comment       0x00000000       0x47 ..\obj\stm32f4xx_spi.o
 .comment       0x00000000       0x47 ..\obj\stm32f4xx_exti.o
 .comment       0x00000000       0x47 ..\obj\usb_dcd.o
 .comment       0x00000000       0x47 ..\obj\usbd_ioreq.o
 .comment       0x00000000       0x47 ..\obj\stm32f4xx_tim.o
 .comment       0x00000000       0x47 ..\obj\usart.o

.ARM.attributes
                0x00000000       0x33
 .ARM.attributes
                0x00000000       0x33 ..\obj\usb_core.o
 .ARM.attributes
                0x00000033       0x33 ..\obj\stm32f4xx_sdio.o
 .ARM.attributes
                0x00000066       0x33 ..\obj\stm32f4_discovery_audio_codec.o
 .ARM.attributes
                0x00000099       0x33 ..\obj\stm32f4xx_usart.o
 .ARM.attributes
                0x000000cc       0x33 ..\obj\stm32f4xx_dac.o
 .ARM.attributes
                0x000000ff       0x33 ..\obj\startup_stm32f4xx.o
 .ARM.attributes
                0x00000132       0x33 ..\obj\usbd_core.o
 .ARM.attributes
                0x00000165       0x33 ..\obj\main.o
 .ARM.attributes
                0x00000198       0x33 ..\obj\stm32f4xx_it.o
 .ARM.attributes
                0x000001cb       0x33 ..\obj\stm32_ub_sdcard.o
 .ARM.attributes
                0x000001fe       0x33 ..\obj\system_stm32f4xx.o
 .ARM.attributes
                0x00000231       0x33 ..\obj\stm32f4xx_dma.o
 .ARM.attributes
                0x00000264       0x33 ..\obj\usb_bsp.o
 .ARM.attributes
                0x00000297       0x33 ..\obj\usbd_req.o
 .ARM.attributes
                0x000002ca       0x33 ..\obj\usb_dcd_int.o
 .ARM.attributes
                0x000002fd       0x33 ..\obj\stm32f4_discovery_callbacks.o
 .ARM.attributes
                0x00000330       0x33 ..\obj\stm32f4xx_spi.o
 .ARM.attributes
                0x00000363       0x33 ..\obj\stm32f4xx_exti.o
 .ARM.attributes
                0x00000396       0x33 ..\obj\usb_dcd.o
 .ARM.attributes
                0x000003c9       0x33 ..\obj\usbd_ioreq.o
 .ARM.attributes
                0x000003fc       0x33 ..\obj\stm32f4xx_tim.o
 .ARM.attributes
                0x0000042f       0x33 ..\obj\usart.o
 .ARM.attributes
                0x00000462       0x29 c:/users/hikaru/mentorgraphics/sourcery_codebench_lite_for_arm_eabi/bin/../lib/gcc/arm-none-eabi/4.8.3/../../../../arm-none-eabi/lib/thumb2\libc.a(lib_a-memset.o)

.debug_frame    0x00000000     0x3430
 .debug_frame   0x00000000      0x434 ..\obj\usb_core.o
 .debug_frame   0x00000434      0x344 ..\obj\stm32f4xx_sdio.o
 .debug_frame   0x00000778      0x438 ..\obj\stm32f4_discovery_audio_codec.o
 .debug_frame   0x00000bb0      0x344 ..\obj\stm32f4xx_usart.o
 .debug_frame   0x00000ef4      0x1ec ..\obj\stm32f4xx_dac.o
 .debug_frame   0x000010e0       0x48 ..\obj\startup_stm32f4xx.o
 .debug_frame   0x00001128      0x1ac ..\obj\usbd_core.o
 .debug_frame   0x000012d4       0x30 ..\obj\main.o
 .debug_frame   0x00001304      0x1a0 ..\obj\stm32f4xx_it.o
 .debug_frame   0x000014a4      0x63c ..\obj\stm32_ub_sdcard.o
 .debug_frame   0x00001ae0       0x64 ..\obj\system_stm32f4xx.o
 .debug_frame   0x00001b44      0x224 ..\obj\stm32f4xx_dma.o
 .debug_frame   0x00001d68       0xc4 ..\obj\usb_bsp.o
 .debug_frame   0x00001e2c      0x1c8 ..\obj\usbd_req.o
 .debug_frame   0x00001ff4      0x1ac ..\obj\usb_dcd_int.o
 .debug_frame   0x000021a0       0x44 ..\obj\stm32f4_discovery_callbacks.o
 .debug_frame   0x000021e4      0x2d0 ..\obj\stm32f4xx_spi.o
 .debug_frame   0x000024b4       0xec ..\obj\stm32f4xx_exti.o
 .debug_frame   0x000025a0      0x1ac ..\obj\usb_dcd.o
 .debug_frame   0x0000274c       0xec ..\obj\usbd_ioreq.o
 .debug_frame   0x00002838      0xa3c ..\obj\stm32f4xx_tim.o
 .debug_frame   0x00003274      0x190 ..\obj\usart.o
 .debug_frame   0x00003404       0x2c c:/users/hikaru/mentorgraphics/sourcery_codebench_lite_for_arm_eabi/bin/../lib/gcc/arm-none-eabi/4.8.3/../../../../arm-none-eabi/lib/thumb2\libc.a(lib_a-memset.o)
